BL51 BANKED LINKER/LOCATER V6.22                                                        03/20/2019  11:22:08  PAGE 1


BL51 BANKED LINKER/LOCATER V6.22, INVOKED BY:
C:\KEIL\C51\BIN\BL51.EXE ..\OBJ\beep.obj, ..\OBJ\delay.obj, ..\OBJ\interrupt.obj, ..\OBJ\ird_remote.obj, ..\OBJ\key.obj,
>>  ..\OBJ\lcd12864.obj, ..\OBJ\led.obj, ..\OBJ\main.obj, ..\OBJ\Modbus.obj, ..\OBJ\pwm.obj, ..\OBJ\timer.obj, ..\OBJ\ua
>> rt.obj, ..\OBJ\io.obj TO ..\OBJ\ZH-YK PRINT (.\ZH-YK.m51) RAMSIZE (256)


MEMORY MODEL: LARGE WITH FLOATING POINT ARITHMETIC


INPUT MODULES INCLUDED:
  ..\OBJ\beep.obj (BEEP)
  ..\OBJ\delay.obj (DELAY)
  ..\OBJ\interrupt.obj (INTERRUPT)
  ..\OBJ\ird_remote.obj (IRD_REMOTE)
  ..\OBJ\key.obj (KEY)
  ..\OBJ\lcd12864.obj (LCD12864)
  ..\OBJ\led.obj (LED)
  ..\OBJ\main.obj (MAIN)
  ..\OBJ\Modbus.obj (MODBUS)
  ..\OBJ\pwm.obj (PWM)
  ..\OBJ\timer.obj (TIMER)
  ..\OBJ\uart.obj (UART)
  ..\OBJ\io.obj (IO)
  C:\KEIL\C51\LIB\C51FPL.LIB (?C?FPADD)
  C:\KEIL\C51\LIB\C51FPL.LIB (?C?FPDIV)
  C:\KEIL\C51\LIB\C51FPL.LIB (?C?FPCMP)
  C:\KEIL\C51\LIB\C51FPL.LIB (?C?FCAST)
  C:\KEIL\C51\LIB\C51FPL.LIB (?C?CASTF)
  C:\KEIL\C51\LIB\C51FPL.LIB (PRINTF)
  C:\KEIL\C51\LIB\C51FPL.LIB (?C?FPGETOPN)
  C:\KEIL\C51\LIB\C51FPL.LIB (?C?FPROUND)
  C:\KEIL\C51\LIB\C51FPL.LIB (?C?FPCONVERT)
  C:\KEIL\C51\LIB\C51FPL.LIB (?C?FPMUL)
  C:\KEIL\C51\LIB\C51FPL.LIB (?C?FTNPWR)
  C:\KEIL\C51\LIB\C51L.LIB (?C_STARTUP)
  C:\KEIL\C51\LIB\C51L.LIB (?C?CLDPTR)
  C:\KEIL\C51\LIB\C51L.LIB (?C?CLDOPTR)
  C:\KEIL\C51\LIB\C51L.LIB (?C?CSTPTR)
  C:\KEIL\C51\LIB\C51L.LIB (?C?IILDX)
  C:\KEIL\C51\LIB\C51L.LIB (?C?ILDIX)
  C:\KEIL\C51\LIB\C51L.LIB (?C?LNEG)
  C:\KEIL\C51\LIB\C51L.LIB (?C?LSTXDATA)
  C:\KEIL\C51\LIB\C51L.LIB (?C?PLDIXDATA)
  C:\KEIL\C51\LIB\C51L.LIB (?C?PSTXDATA)
  C:\KEIL\C51\LIB\C51L.LIB (?C?CCASE)
  C:\KEIL\C51\LIB\C51L.LIB (?C?ICASE)
  C:\KEIL\C51\LIB\C51L.LIB (PUTCHAR)
  C:\KEIL\C51\LIB\C51L.LIB (?C?MEMSET)
  C:\KEIL\C51\LIB\C51L.LIB (?C_INIT)


LINK MAP OF MODULE:  ..\OBJ\ZH-YK (BEEP)


            TYPE    BASE      LENGTH    RELOCATION   SEGMENT NAME
            -----------------------------------------------------

            * * * * * * *   D A T A   M E M O R Y   * * * * * * *
BL51 BANKED LINKER/LOCATER V6.22                                                      03/20/2019  11:22:08  PAGE 2


            REG     0000H     0008H     ABSOLUTE     "REG BANK 0"
            REG     0008H     0008H     ABSOLUTE     "REG BANK 1"
            DATA    0010H     0005H     UNIT         _DATA_GROUP_
                    0015H     000BH                  *** GAP ***
            BIT     0020H.0   0001H.4   UNIT         ?BI?KEY
            BIT     0021H.4   0001H.1   UNIT         _BIT_GROUP_
                    0022H.5   0000H.3                *** GAP ***
            IDATA   0023H     0001H     UNIT         ?STACK

            * * * * * * *  X D A T A   M E M O R Y  * * * * * * *
            XDATA   0000H     1086H     UNIT         ?XD?LCD12864
            XDATA   1086H     0202H     UNIT         ?XD?MODBUS
            XDATA   1288H     00BEH     UNIT         ?XD?IRD_REMOTE
            XDATA   1346H     00ADH     UNIT         ?XD?UART
            XDATA   13F3H     0033H     UNIT         _XDATA_GROUP_
            XDATA   1426H     001FH     UNIT         ?XD?KEY
            XDATA   1445H     000AH     UNIT         ?XD?_DISP_GRAP_XO?LCD12864
            XDATA   144FH     0007H     UNIT         ?XD?INTERRUPT
            XDATA   1456H     0007H     UNIT         ?XD?_DISPLAY_GRAPHIC_32X32?LCD12864
            XDATA   145DH     0007H     UNIT         ?XD?_DISPLAY_GRAPHIC_8X8?LCD12864
            XDATA   1464H     0007H     UNIT         ?XD?_DISPLAY_STRING_5X7?LCD12864
            XDATA   146BH     0007H     UNIT         ?XD?_DISP_GRAP?LCD12864
            XDATA   1472H     0004H     UNIT         ?XD?_FULL_DISPLAY?LCD12864
            XDATA   1476H     0002H     UNIT         ?XD?MAIN
            XDATA   1478H     0001H     UNIT         ?XD?BEEP

            * * * * * * *   C O D E   M E M O R Y   * * * * * * *
            CODE    0000H     0003H     ABSOLUTE     
            CODE    0003H     0005H     UNIT         ?PR?DELAY_1US?DELAY
            CODE    0008H     0003H     UNIT         ?PR?MIDDLE_INIT?MAIN
            CODE    000BH     0003H     ABSOLUTE     
            CODE    000EH     0034H     UNIT         ?PR?INIT_PORT?IO
                    0042H     0001H                  *** GAP ***
            CODE    0043H     0003H     ABSOLUTE     
            CODE    0046H     1D4DH     UNIT         ?PR?SCAN_KEY_VALUE?KEY
            CODE    1D93H     192DH     UNIT         ?PR?MAIN?MAIN
            CODE    36C0H     1531H     UNIT         ?C_INITSEG
            CODE    4BF1H     06B9H     UNIT         ?C?LIB_CODE
            CODE    52AAH     064AH     UNIT         ?PR?HANDLE_UART2_RX_BUF?UART
            CODE    58F4H     0630H     UNIT         ?PR?DISPLAY_CANSHU?LCD12864
            CODE    5F24H     04ECH     UNIT         ?PR?_DISPLAY_STRING_8X16?LCD12864
            CODE    6410H     0483H     UNIT         ?PR?PRINTF?PRINTF
            CODE    6893H     044DH     UNIT         ?PR?DISPLAY_RUN_DATA?LCD12864
            CODE    6CE0H     02E5H     UNIT         ?PR?_SET_IO_MODE?IO
            CODE    6FC5H     0244H     UNIT         ?PR?SAVE_SYS_PARAMETER?UART
            CODE    7209H     01ECH     UNIT         ?PR?READ_PARAM_EEPROM?IRD_REMOTE
            CODE    73F5H     01BBH     UNIT         ?PR?TM0_ISR?INTERRUPT
            CODE    75B0H     00A8H     UNIT         ?CO?LCD12864
            CODE    7658H     00A7H     UNIT         ?PR?INIT_LCD?LCD12864
            CODE    76FFH     008CH     UNIT         ?C_C51STARTUP
            CODE    778BH     0088H     UNIT         ?CO?UART
            CODE    7813H     0085H     UNIT         ?CO?MAIN
            CODE    7898H     0080H     UNIT         ?PR?_DISPLAY_GRAPHIC_16X16?LCD12864
            CODE    7918H     007AH     UNIT         ?PR?_CRC16?MODBUS
            CODE    7992H     0076H     UNIT         ?PR?_DISP_GRAP_XO?LCD12864
            CODE    7A08H     0074H     UNIT         ?PR?_DISPLAY_STRING_5X7?LCD12864
            CODE    7A7CH     006CH     UNIT         ?PR?INIT_KEY?KEY
BL51 BANKED LINKER/LOCATER V6.22                                                      03/20/2019  11:22:08  PAGE 3


            CODE    7AE8H     0061H     UNIT         ?PR?UART2_ISR?INTERRUPT
            CODE    7B49H     005AH     UNIT         ?PR?_DISPLAY_GRAPHIC_128X16?LCD12864
            CODE    7BA3H     005AH     UNIT         ?PR?_DISPLAY_GRAPHIC_8X16?LCD12864
            CODE    7BFDH     0059H     UNIT         ?PR?_TRANSFER_DATA?LCD12864
            CODE    7C56H     0050H     UNIT         ?PR?_DISPLAY_GRAPHIC_32X32?LCD12864
            CODE    7CA6H     0050H     UNIT         ?PR?_DISPLAY_GRAPHIC_8X8?LCD12864
            CODE    7CF6H     004EH     UNIT         ?PR?_DISP_GRAP?LCD12864
            CODE    7D44H     004DH     UNIT         ?PR?_TRANSFER_COMMAND?LCD12864
            CODE    7D91H     004AH     UNIT         ?PR?APPLICATION_INIT?MAIN
            CODE    7DDBH     0049H     UNIT         ?PR?_FULL_DISPLAY?LCD12864
            CODE    7E24H     0048H     UNIT         ?PR?_UART2_SEND_NBYTE?UART
            CODE    7E6CH     0044H     UNIT         ?PR?READ_RUN_DATA?UART
            CODE    7EB0H     0044H     UNIT         ?PR?READ_SYS_PARAMETER?UART
            CODE    7EF4H     003BH     UNIT         ?PR?INIT_PWM?PWM
            CODE    7F2FH     0036H     UNIT         ?PR?CLEAR_SCREEN?LCD12864
            CODE    7F65H     0031H     UNIT         ?PR?INIT_INTERRUPT?INTERRUPT
            CODE    7F96H     002DH     UNIT         ?PR?_DELAY_MS?DELAY
            CODE    7FC3H     002DH     UNIT         ?PR?_LCD_ADDRESS?LCD12864
            CODE    7FF0H     002AH     UNIT         ?PR?_DELAY_US?DELAY
            CODE    801AH     0027H     UNIT         ?PR?INIT_UART2?UART
            CODE    8041H     0027H     UNIT         ?PR?PUTCHAR?PUTCHAR
            CODE    8068H     0025H     UNIT         ?PR?_HANDLE_EVEN_CHECK?UART
            CODE    808DH     0022H     UNIT         ?PR?_UART2_SEND_BYTE?UART
            CODE    80AFH     0020H     UNIT         ?PR?DISABLE_PWM?PWM
            CODE    80CFH     001EH     UNIT         ?PR?DRIVER_INIT?MAIN
            CODE    80EDH     001DH     UNIT         ?PR?_IAPPROGRAM?IRD_REMOTE
            CODE    810AH     001CH     UNIT         ?PR?INIT_OSC?MAIN
            CODE    8126H     0019H     UNIT         ?PR?_UART2_READ_NBYTE?UART
            CODE    813FH     0018H     UNIT         ?PR?_IAPREAD?IRD_REMOTE
            CODE    8157H     0015H     UNIT         ?PR?_IAPERASE?IRD_REMOTE
            CODE    816CH     0015H     UNIT         ?PR?ENABLE_PWM?PWM
            CODE    8181H     0015H     UNIT         ?PR?INIT_TIMER0?TIMER
            CODE    8196H     0013H     UNIT         ?PR?UART2_READ_BYTE?UART
            CODE    81A9H     0010H     UNIT         ?PR?BEEP_SPEAK?BEEP
            CODE    81B9H     000DH     UNIT         ?PR?IAPIDLE?IRD_REMOTE
            CODE    81C6H     000CH     UNIT         ?PR?INIT_BEEP?BEEP
            CODE    81D2H     000CH     UNIT         ?PR?INIT_LED?LED



OVERLAY MAP OF MODULE:   ..\OBJ\ZH-YK (BEEP)


SEGMENT                                         BIT_GROUP          DATA_GROUP          XDATA_GROUP
  +--> CALLED SEGMENT                        START    LENGTH     START    LENGTH     START    LENGTH
----------------------------------------------------------------------------------------------------
?C_C51STARTUP                                -----    -----      -----    -----      -----    -----
  +--> ?PR?MAIN?MAIN
  +--> ?C_INITSEG

?PR?MAIN?MAIN                                -----    -----      -----    -----      -----    -----
  +--> ?PR?DRIVER_INIT?MAIN
  +--> ?PR?MIDDLE_INIT?MAIN
  +--> ?PR?APPLICATION_INIT?MAIN
  +--> ?PR?SCAN_KEY_VALUE?KEY
  +--> ?PR?READ_RUN_DATA?UART
  +--> ?CO?MAIN
BL51 BANKED LINKER/LOCATER V6.22                                                      03/20/2019  11:22:08  PAGE 4


  +--> ?PR?PRINTF?PRINTF
  +--> ?PR?_DISPLAY_STRING_8X16?LCD12864
  +--> ?PR?HANDLE_UART2_RX_BUF?UART

?PR?DRIVER_INIT?MAIN                         -----    -----      -----    -----      -----    -----
  +--> ?PR?INIT_OSC?MAIN
  +--> ?PR?INIT_PORT?IO
  +--> ?PR?INIT_LED?LED
  +--> ?PR?INIT_BEEP?BEEP
  +--> ?PR?INIT_TIMER0?TIMER
  +--> ?PR?INIT_UART2?UART
  +--> ?PR?INIT_PWM?PWM
  +--> ?PR?INIT_LCD?LCD12864
  +--> ?PR?INIT_KEY?KEY
  +--> ?PR?INIT_INTERRUPT?INTERRUPT

?PR?INIT_PORT?IO                             -----    -----      -----    -----      -----    -----
  +--> ?PR?_SET_IO_MODE?IO

?PR?INIT_LED?LED                             -----    -----      -----    -----      -----    -----
  +--> ?PR?_SET_IO_MODE?IO

?PR?INIT_BEEP?BEEP                           -----    -----      -----    -----      -----    -----
  +--> ?PR?_SET_IO_MODE?IO

?PR?INIT_UART2?UART                          -----    -----      -----    -----      -----    -----
  +--> ?PR?_SET_IO_MODE?IO

?PR?INIT_PWM?PWM                             -----    -----      -----    -----      -----    -----
  +--> ?PR?_SET_IO_MODE?IO

?PR?INIT_LCD?LCD12864                        -----    -----      -----    -----      -----    -----
  +--> ?PR?_SET_IO_MODE?IO
  +--> ?PR?_DELAY_US?DELAY
  +--> ?PR?_TRANSFER_COMMAND?LCD12864
  +--> ?PR?CLEAR_SCREEN?LCD12864

?PR?_TRANSFER_COMMAND?LCD12864               -----    -----      -----    -----      1401H    0002H
  +--> ?PR?_DELAY_US?DELAY

?PR?CLEAR_SCREEN?LCD12864                    -----    -----      -----    -----      13F6H    0002H
  +--> ?PR?_LCD_ADDRESS?LCD12864
  +--> ?PR?_TRANSFER_DATA?LCD12864

?PR?_LCD_ADDRESS?LCD12864                    -----    -----      -----    -----      1400H    0001H
  +--> ?PR?_TRANSFER_COMMAND?LCD12864

?PR?_TRANSFER_DATA?LCD12864                  -----    -----      -----    -----      1400H    0002H
  +--> ?PR?_DELAY_US?DELAY

?PR?INIT_KEY?KEY                             -----    -----      -----    -----      -----    -----
  +--> ?PR?_SET_IO_MODE?IO

?PR?MIDDLE_INIT?MAIN                         -----    -----      -----    -----      -----    -----
  +--> ?PR?READ_PARAM_EEPROM?IRD_REMOTE

?PR?READ_PARAM_EEPROM?IRD_REMOTE             -----    -----      -----    -----      13F3H    0002H
BL51 BANKED LINKER/LOCATER V6.22                                                      03/20/2019  11:22:08  PAGE 5


  +--> ?PR?_IAPREAD?IRD_REMOTE
  +--> ?PR?_IAPERASE?IRD_REMOTE
  +--> ?PR?_IAPPROGRAM?IRD_REMOTE

?PR?_IAPREAD?IRD_REMOTE                      -----    -----      -----    -----      -----    -----
  +--> ?PR?IAPIDLE?IRD_REMOTE

?PR?_IAPERASE?IRD_REMOTE                     -----    -----      -----    -----      -----    -----
  +--> ?PR?IAPIDLE?IRD_REMOTE

?PR?_IAPPROGRAM?IRD_REMOTE                   -----    -----      -----    -----      -----    -----
  +--> ?PR?IAPIDLE?IRD_REMOTE

?PR?APPLICATION_INIT?MAIN                    -----    -----      -----    -----      -----    -----
  +--> ?PR?_DISPLAY_STRING_8X16?LCD12864
  +--> ?PR?_DELAY_MS?DELAY

?PR?_DISPLAY_STRING_8X16?LCD12864            -----    -----      -----    -----      13F6H    000AH
  +--> ?PR?_LCD_ADDRESS?LCD12864
  +--> ?PR?_TRANSFER_DATA?LCD12864

?PR?SCAN_KEY_VALUE?KEY                       -----    -----      -----    -----      -----    -----
  +--> ?PR?_CRC16?MODBUS
  +--> ?PR?_UART2_SEND_NBYTE?UART
  +--> ?PR?SAVE_SYS_PARAMETER?UART
  +--> ?PR?READ_RUN_DATA?UART
  +--> ?PR?CLEAR_SCREEN?LCD12864
  +--> ?PR?DISPLAY_RUN_DATA?LCD12864
  +--> ?PR?READ_SYS_PARAMETER?UART
  +--> ?PR?DISPLAY_CANSHU?LCD12864
  +--> ?PR?BEEP_SPEAK?BEEP

?PR?_CRC16?MODBUS                            -----    -----      -----    -----      13F6H    000AH

?PR?_UART2_SEND_NBYTE?UART                   -----    -----      -----    -----      13F3H    0005H
  +--> ?PR?_UART2_SEND_BYTE?UART

?PR?_UART2_SEND_BYTE?UART                    -----    -----      -----    -----      13F8H    0001H
  +--> ?PR?ENABLE_PWM?PWM
  +--> ?PR?DISABLE_PWM?PWM

?PR?DISABLE_PWM?PWM                          -----    -----      -----    -----      -----    -----
  +--> ?PR?_SET_IO_MODE?IO

?PR?SAVE_SYS_PARAMETER?UART                  -----    -----      -----    -----      -----    -----
  +--> ?PR?_IAPERASE?IRD_REMOTE
  +--> ?PR?_IAPPROGRAM?IRD_REMOTE
  +--> ?PR?_CRC16?MODBUS
  +--> ?PR?_UART2_SEND_NBYTE?UART

?PR?READ_RUN_DATA?UART                       -----    -----      -----    -----      -----    -----
  +--> ?PR?_CRC16?MODBUS
  +--> ?PR?_UART2_SEND_NBYTE?UART

?PR?DISPLAY_RUN_DATA?LCD12864                -----    -----      -----    -----      -----    -----
  +--> ?PR?_DISPLAY_GRAPHIC_128X16?LCD12864
  +--> ?PR?_DISPLAY_GRAPHIC_8X16?LCD12864
BL51 BANKED LINKER/LOCATER V6.22                                                      03/20/2019  11:22:08  PAGE 6


  +--> ?PR?_DISPLAY_GRAPHIC_16X16?LCD12864
  +--> ?CO?LCD12864
  +--> ?PR?PRINTF?PRINTF
  +--> ?PR?_DISPLAY_STRING_8X16?LCD12864

?PR?_DISPLAY_GRAPHIC_128X16?LCD12864         -----    -----      -----    -----      13F6H    0007H
  +--> ?PR?_LCD_ADDRESS?LCD12864
  +--> ?PR?_TRANSFER_DATA?LCD12864

?PR?_DISPLAY_GRAPHIC_8X16?LCD12864           -----    -----      -----    -----      13F6H    0007H
  +--> ?PR?_LCD_ADDRESS?LCD12864
  +--> ?PR?_TRANSFER_DATA?LCD12864

?PR?_DISPLAY_GRAPHIC_16X16?LCD12864          -----    -----      -----    -----      13F6H    0008H
  +--> ?PR?_LCD_ADDRESS?LCD12864
  +--> ?PR?_TRANSFER_DATA?LCD12864

?PR?PRINTF?PRINTF                            0021H.4  0001H.1    0010H    0005H      13F6H    0030H
  +--> ?PR?PUTCHAR?PUTCHAR

?PR?READ_SYS_PARAMETER?UART                  -----    -----      -----    -----      -----    -----
  +--> ?PR?_CRC16?MODBUS
  +--> ?PR?_UART2_SEND_NBYTE?UART

?PR?DISPLAY_CANSHU?LCD12864                  -----    -----      -----    -----      -----    -----
  +--> ?PR?_DISPLAY_GRAPHIC_128X16?LCD12864
  +--> ?PR?_DISPLAY_GRAPHIC_8X16?LCD12864
  +--> ?PR?_DISPLAY_GRAPHIC_16X16?LCD12864
  +--> ?CO?LCD12864
  +--> ?PR?PRINTF?PRINTF
  +--> ?PR?_DISPLAY_STRING_8X16?LCD12864

?PR?BEEP_SPEAK?BEEP                          -----    -----      -----    -----      13F6H    0002H

?PR?HANDLE_UART2_RX_BUF?UART                 -----    -----      -----    -----      13F3H    0003H
  +--> ?PR?_CRC16?MODBUS
  +--> ?PR?BEEP_SPEAK?BEEP
  +--> ?CO?UART
  +--> ?PR?_DISPLAY_STRING_8X16?LCD12864
  +--> ?PR?_DELAY_MS?DELAY
  +--> ?PR?CLEAR_SCREEN?LCD12864
  +--> ?PR?DISPLAY_CANSHU?LCD12864
  +--> ?PR?DISPLAY_RUN_DATA?LCD12864



SYMBOL TABLE OF MODULE:  ..\OBJ\ZH-YK (BEEP)

  VALUE           TYPE          NAME
  ----------------------------------

  -------         MODULE        BEEP
  C:0000H         SYMBOL        _ICE_DUMMY_
  D:0080H         PUBLIC        P0
  D:0090H         PUBLIC        P1
  D:00A0H         PUBLIC        P2
  D:00B0H         PUBLIC        P3
BL51 BANKED LINKER/LOCATER V6.22                                                      03/20/2019  11:22:08  PAGE 7


  D:00C0H         PUBLIC        P4
  D:00C8H         PUBLIC        P5
  D:00E8H         PUBLIC        P6
  D:00F8H         PUBLIC        P7
  D:00A8H         PUBLIC        IE
  D:00B8H         PUBLIC        IP
  D:00D8H         PUBLIC        CCON
  X:1478H         PUBLIC        beep_delay_time_count
  B:0090H.2       PUBLIC        P12
  D:0098H         PUBLIC        SCON
  C:81C6H         PUBLIC        init_beep
  D:0088H         PUBLIC        TCON
  C:81A9H         PUBLIC        BEEP_SPEAK
  D:00D0H         PUBLIC        PSW
  -------         PROC          INIT_BEEP
  C:81C6H         LINE#         29
  C:81C6H         LINE#         30
  C:81C6H         LINE#         31
  C:81CFH         LINE#         33
  C:81D1H         LINE#         34
  -------         ENDPROC       INIT_BEEP
  -------         PROC          BEEP_SPEAK
  -------         DO            
  X:13F6H         SYMBOL        i
  -------         ENDDO         
  C:81A9H         LINE#         43
  C:81A9H         LINE#         44
  C:81A9H         LINE#         45
  C:81B0H         LINE#         47
  C:81B2H         LINE#         49
  C:81B8H         LINE#         51
  -------         ENDPROC       BEEP_SPEAK
  -------         ENDMOD        BEEP

  -------         MODULE        DELAY
  C:0000H         SYMBOL        _ICE_DUMMY_
  D:0080H         PUBLIC        P0
  D:0090H         PUBLIC        P1
  D:00A0H         PUBLIC        P2
  D:00B0H         PUBLIC        P3
  D:00C0H         PUBLIC        P4
  D:00C8H         PUBLIC        P5
  D:00E8H         PUBLIC        P6
  D:00F8H         PUBLIC        P7
  C:0003H         PUBLIC        delay_1us
  D:00A8H         PUBLIC        IE
  D:00B8H         PUBLIC        IP
  D:00D8H         PUBLIC        CCON
  D:0098H         PUBLIC        SCON
  D:0088H         PUBLIC        TCON
  C:7F96H         PUBLIC        _delay_ms
  D:00C1H         PUBLIC        WDT_CONTR
  C:7FF0H         PUBLIC        _delay_us
  D:00D0H         PUBLIC        PSW
  -------         PROC          DELAY_1US
  -------         DO            
  D:0007H         SYMBOL        i
BL51 BANKED LINKER/LOCATER V6.22                                                      03/20/2019  11:22:08  PAGE 8


  -------         ENDDO         
  C:0003H         LINE#         31
  C:0003H         LINE#         32
  C:0003H         LINE#         35
  C:0005H         LINE#         36
  C:0007H         LINE#         37
  -------         ENDPROC       DELAY_1US
  -------         PROC          _DELAY_MS
  D:0082H         SYMBOL        count
  -------         DO            
  D:0006H         SYMBOL        i
  D:0004H         SYMBOL        j
  D:0003H         SYMBOL        k
  -------         ENDDO         
  C:7F96H         LINE#         50
  C:7F9AH         LINE#         51
  C:7F9AH         LINE#         56
  C:7F9DH         LINE#         58
  C:7FA9H         LINE#         59
  C:7FA9H         LINE#         60
  C:7FACH         LINE#         61
  C:7FACH         LINE#         62
  C:7FAEH         LINE#         63
  C:7FB0H         LINE#         64
  C:7FBBH         LINE#         65
  C:7FC2H         LINE#         66
  -------         ENDPROC       _DELAY_MS
  -------         PROC          _DELAY_US
  D:0082H         SYMBOL        count
  -------         DO            
  D:0006H         SYMBOL        i
  D:0004H         SYMBOL        j
  D:0003H         SYMBOL        k
  -------         ENDDO         
  C:7FF0H         LINE#         69
  C:7FF4H         LINE#         70
  C:7FF4H         LINE#         76
  C:8000H         LINE#         77
  C:8000H         LINE#         78
  C:8003H         LINE#         79
  C:8003H         LINE#         80
  C:8005H         LINE#         81
  C:8007H         LINE#         82
  C:8012H         LINE#         83
  C:8019H         LINE#         84
  -------         ENDPROC       _DELAY_US
  -------         ENDMOD        DELAY

  -------         MODULE        INTERRUPT
  C:0000H         SYMBOL        _ICE_DUMMY_
  C:7AE8H         PUBLIC        UART2_Isr
  D:0080H         PUBLIC        P0
  D:0090H         PUBLIC        P1
  D:00A0H         PUBLIC        P2
  D:00B0H         PUBLIC        P3
  D:00C0H         PUBLIC        P4
  D:00C8H         PUBLIC        P5
BL51 BANKED LINKER/LOCATER V6.22                                                      03/20/2019  11:22:08  PAGE 9


  B:00A8H.7       PUBLIC        EA
  D:00E8H         PUBLIC        P6
  D:00F8H         PUBLIC        P7
  C:7F65H         PUBLIC        init_interrupt
  X:144FH         PUBLIC        display_lcd_flag
  D:00A8H         PUBLIC        IE
  B:00A8H.4       PUBLIC        ES
  D:00B8H         PUBLIC        IP
  B:0098H.0       PUBLIC        RI
  B:0098H.1       PUBLIC        TI
  D:00D8H         PUBLIC        CCON
  X:1450H         PUBLIC        display_lcd_time_count
  B:0090H.2       PUBLIC        P12
  D:0098H         PUBLIC        SCON
  D:0088H         PUBLIC        TCON
  X:1452H         PUBLIC        dat_flag
  B:00B0H.5       PUBLIC        P35
  D:00AFH         PUBLIC        IE2
  X:1453H         PUBLIC        system_time_count
  B:00A8H.1       PUBLIC        ET0
  B:0088H.5       PUBLIC        TF0
  B:00A8H.3       PUBLIC        ET1
  C:73F5H         PUBLIC        TM0_Isr
  D:009BH         PUBLIC        S2BUF
  D:009AH         PUBLIC        S2CON
  D:00ACH         PUBLIC        S3CON
  D:0084H         PUBLIC        S4CON
  X:1455H         PUBLIC        system_run_time
  D:00D0H         PUBLIC        PSW
  -------         PROC          TM0_ISR
  C:73F5H         LINE#         41
  C:7400H         LINE#         44
  C:7402H         LINE#         46
  C:740DH         LINE#         47
  C:740DH         LINE#         49
  C:741BH         LINE#         51
  C:742AH         LINE#         52
  C:742AH         LINE#         53
  C:742EH         LINE#         56
  C:743CH         LINE#         58
  C:744BH         LINE#         59
  C:744BH         LINE#         60
  C:744FH         LINE#         62
  C:7451H         LINE#         63
  C:7451H         LINE#         65
  C:7451H         LINE#         67
  C:7457H         LINE#         69
  C:745DH         LINE#         70
  C:745DH         LINE#         71
  C:745FH         LINE#         73
  C:7464H         LINE#         74
  C:7464H         LINE#         76
  C:7472H         LINE#         78
  C:7481H         LINE#         79
  C:7481H         LINE#         80
  C:7485H         LINE#         82
  C:748AH         LINE#         84
BL51 BANKED LINKER/LOCATER V6.22                                                      03/20/2019  11:22:08  PAGE 10


  C:7490H         LINE#         86
  C:7490H         LINE#         89
  C:7496H         LINE#         90
  C:7496H         LINE#         91
  C:74A4H         LINE#         93
  C:74B3H         LINE#         94
  C:74B3H         LINE#         95
  C:74B7H         LINE#         97
  C:74BCH         LINE#         98
  C:74BCH         LINE#         99
  C:74BCH         LINE#         102
  C:74C5H         LINE#         103
  C:74C5H         LINE#         104
  C:74C8H         LINE#         106
  C:74CBH         LINE#         107
  C:74CBH         LINE#         108
  C:74CDH         LINE#         109
  C:74CDH         LINE#         110
  C:74CDH         LINE#         113
  C:74CDH         LINE#         117
  C:74D9H         LINE#         118
  C:74D9H         LINE#         119
  C:74DCH         LINE#         121
  C:74E2H         LINE#         122
  C:74E2H         LINE#         123
  C:74F8H         LINE#         124
  C:74F8H         LINE#         125
  C:74FEH         LINE#         127
  C:7502H         LINE#         128
  C:7505H         LINE#         129
  C:7517H         LINE#         130
  C:7517H         LINE#         131
  C:751DH         LINE#         133
  C:7522H         LINE#         134
  C:7525H         LINE#         135
  C:753AH         LINE#         136
  C:753AH         LINE#         137
  C:753FH         LINE#         139
  C:753FH         LINE#         140
  C:7541H         LINE#         141
  C:7557H         LINE#         142
  C:7557H         LINE#         143
  C:755CH         LINE#         145
  C:755CH         LINE#         146
  C:755EH         LINE#         147
  C:7570H         LINE#         148
  C:7570H         LINE#         149
  C:7575H         LINE#         151
  C:7575H         LINE#         152
  C:7577H         LINE#         153
  C:758CH         LINE#         154
  C:758CH         LINE#         155
  C:7592H         LINE#         157
  C:7598H         LINE#         158
  C:759AH         LINE#         160
  C:759AH         LINE#         161
  C:759DH         LINE#         162
BL51 BANKED LINKER/LOCATER V6.22                                                      03/20/2019  11:22:08  PAGE 11


  C:759EH         LINE#         163
  C:759FH         LINE#         164
  C:75A2H         LINE#         166
  C:75A7H         LINE#         167
  C:75A7H         LINE#         168
  C:75A7H         LINE#         170
  C:75A7H         LINE#         173
  -------         ENDPROC       TM0_ISR
  -------         PROC          UART2_ISR
  -------         DO            
  D:000FH         SYMBOL        r2_data
  -------         ENDDO         
  C:7AE8H         LINE#         176
  C:7AF3H         LINE#         180
  C:7AF8H         LINE#         181
  C:7AF8H         LINE#         182
  C:7AFBH         LINE#         183
  C:7B01H         LINE#         185
  C:7B01H         LINE#         186
  C:7B06H         LINE#         187
  C:7B06H         LINE#         188
  C:7B09H         LINE#         189
  C:7B0FH         LINE#         191
  C:7B11H         LINE#         193
  C:7B17H         LINE#         195
  C:7B27H         LINE#         196
  C:7B27H         LINE#         197
  C:7B33H         LINE#         199
  C:7B3AH         LINE#         200
  C:7B3AH         LINE#         201
  C:7B40H         LINE#         202
  C:7B40H         LINE#         203
  C:7B40H         LINE#         204
  C:7B40H         LINE#         205
  -------         ENDPROC       UART2_ISR
  -------         PROC          INIT_INTERRUPT
  C:7F65H         LINE#         220
  C:7F65H         LINE#         221
  C:7F65H         LINE#         223
  C:7F67H         LINE#         225
  C:7F69H         LINE#         226
  C:7F6BH         LINE#         227
  C:7F6DH         LINE#         228
  C:7F6FH         LINE#         230
  C:7F72H         LINE#         231
  C:7F75H         LINE#         232
  C:7F78H         LINE#         233
  C:7F7BH         LINE#         235
  C:7F7EH         LINE#         236
  C:7F81H         LINE#         237
  C:7F84H         LINE#         238
  C:7F87H         LINE#         240
  C:7F8AH         LINE#         241
  C:7F8DH         LINE#         242
  C:7F90H         LINE#         243
  C:7F93H         LINE#         245
  C:7F95H         LINE#         246
BL51 BANKED LINKER/LOCATER V6.22                                                      03/20/2019  11:22:08  PAGE 12


  -------         ENDPROC       INIT_INTERRUPT
  -------         ENDMOD        INTERRUPT

  -------         MODULE        IRD_REMOTE
  C:0000H         SYMBOL        _ICE_DUMMY_
  C:7209H         PUBLIC        read_param_eeprom
  D:0080H         PUBLIC        P0
  D:0090H         PUBLIC        P1
  D:00A0H         PUBLIC        P2
  D:00B0H         PUBLIC        P3
  D:00C0H         PUBLIC        P4
  X:1288H         PUBLIC        bt_id
  D:00C8H         PUBLIC        P5
  D:00E8H         PUBLIC        P6
  D:00F8H         PUBLIC        P7
  D:00A8H         PUBLIC        IE
  C:8157H         PUBLIC        _IapErase
  D:00C5H         PUBLIC        IAP_CMD
  X:128AH         PUBLIC        bt_dy
  X:12CAH         PUBLIC        step_01_time_limit
  X:12CCH         PUBLIC        step_02_time_limit
  X:12CEH         PUBLIC        step_03_time_limit
  X:12D0H         PUBLIC        charge_I
  X:12D4H         PUBLIC        step_04_time_limit
  X:12D6H         PUBLIC        step_05_time_limit
  D:00B8H         PUBLIC        IP
  C:813FH         PUBLIC        _IapRead
  X:12D8H         PUBLIC        discharge_current_value
  C:81B9H         PUBLIC        IapIdle
  D:00C3H         PUBLIC        IAP_ADDRH
  D:00D8H         PUBLIC        CCON
  D:00C4H         PUBLIC        IAP_ADDRL
  X:12DAH         PUBLIC        light_time
  D:0098H         PUBLIC        SCON
  D:0088H         PUBLIC        TCON
  X:12DCH         PUBLIC        temperature_value
  X:12DEH         PUBLIC        b_v
  D:00C7H         PUBLIC        IAP_CONTR
  X:12E2H         PUBLIC        p_v
  X:12E6H         PUBLIC        load_I
  X:12EAH         PUBLIC        bt_00_hv
  D:00C2H         PUBLIC        IAP_DATA
  X:12EEH         PUBLIC        bt_01_hv
  X:12F2H         PUBLIC        charge_current_value
  X:12F4H         PUBLIC        bt_02_hv
  X:12F8H         PUBLIC        bt_03_hv
  X:12FCH         PUBLIC        step_01_load_percent
  X:12FEH         PUBLIC        bt_04_hv
  X:1302H         PUBLIC        bt_00_lv
  X:1306H         PUBLIC        step_02_load_percent
  X:1308H         PUBLIC        bt_05_hv
  X:130CH         PUBLIC        bt_01_lv
  X:1310H         PUBLIC        step_03_load_percent
  X:1312H         PUBLIC        bt_06_hv
  X:1316H         PUBLIC        bt_02_lv
  X:131AH         PUBLIC        step_04_load_percent
  X:131CH         PUBLIC        bt_07_hv
BL51 BANKED LINKER/LOCATER V6.22                                                      03/20/2019  11:22:08  PAGE 13


  X:1320H         PUBLIC        bt_03_lv
  X:1324H         PUBLIC        step_05_load_percent
  X:1326H         PUBLIC        bt_04_lv
  X:132AH         PUBLIC        bt_05_lv
  X:132EH         PUBLIC        yuyan_cnt
  X:1330H         PUBLIC        bt_06_lv
  X:1334H         PUBLIC        bt_07_lv
  X:1338H         PUBLIC        light_pv
  X:133CH         PUBLIC        sys_mode
  X:133EH         PUBLIC        load_cc_I
  D:00C6H         PUBLIC        IAP_TRIG
  C:80F1H         PUBLIC        _IapProgram
  X:1342H         PUBLIC        load_v
  D:00D0H         PUBLIC        PSW
  -------         PROC          READ_PARAM_EEPROM
  -------         DO            
  X:13F3H         SYMBOL        byte_h
  X:13F4H         SYMBOL        byte_l
  -------         ENDDO         
  C:7209H         LINE#         112
  C:7209H         LINE#         113
  C:7209H         LINE#         116
  C:7215H         LINE#         118
  C:721CH         LINE#         119
  C:721CH         LINE#         120
  C:7223H         LINE#         122
  C:722CH         LINE#         123
  C:7235H         LINE#         125
  C:723EH         LINE#         126
  C:7247H         LINE#         128
  C:7250H         LINE#         130
  C:7255H         LINE#         132
  C:725AH         LINE#         134
  C:7263H         LINE#         136
  C:726CH         LINE#         138
  C:7275H         LINE#         140
  C:727EH         LINE#         142
  C:7287H         LINE#         144
  C:7290H         LINE#         146
  C:7299H         LINE#         148
  C:72A2H         LINE#         150
  C:72ABH         LINE#         152
  C:72B4H         LINE#         153
  C:72B4H         LINE#         155
  C:72C0H         LINE#         157
  C:72CDH         LINE#         159
  C:72DCH         LINE#         163
  C:72E8H         LINE#         165
  C:72F5H         LINE#         167
  C:7304H         LINE#         171
  C:7310H         LINE#         173
  C:7318H         LINE#         176
  C:7324H         LINE#         178
  C:732CH         LINE#         181
  C:7338H         LINE#         183
  C:7340H         LINE#         186
  C:734CH         LINE#         188
BL51 BANKED LINKER/LOCATER V6.22                                                      03/20/2019  11:22:08  PAGE 14


  C:7354H         LINE#         191
  C:7360H         LINE#         193
  C:7368H         LINE#         196
  C:7374H         LINE#         198
  C:737CH         LINE#         200
  C:7388H         LINE#         202
  C:7390H         LINE#         204
  C:739CH         LINE#         206
  C:73A4H         LINE#         208
  C:73B0H         LINE#         210
  C:73B8H         LINE#         212
  C:73C4H         LINE#         214
  C:73CCH         LINE#         216
  C:73D8H         LINE#         218
  C:73E0H         LINE#         220
  C:73ECH         LINE#         222
  C:73F4H         LINE#         225
  -------         ENDPROC       READ_PARAM_EEPROM
  -------         PROC          IAPIDLE
  C:81B9H         LINE#         227
  C:81B9H         LINE#         228
  C:81B9H         LINE#         229
  C:81BCH         LINE#         230
  C:81BEH         LINE#         231
  C:81C0H         LINE#         232
  C:81C3H         LINE#         233
  C:81C5H         LINE#         234
  -------         ENDPROC       IAPIDLE
  -------         PROC          _IAPREAD
  D:0006H         SYMBOL        addr
  -------         DO            
  D:0007H         SYMBOL        dat
  -------         ENDDO         
  C:813FH         LINE#         236
  C:813FH         LINE#         237
  C:813FH         LINE#         240
  C:8142H         LINE#         241
  C:8145H         LINE#         242
  C:8147H         LINE#         243
  C:814AH         LINE#         244
  C:814DH         LINE#         245
  C:8150H         LINE#         246
  C:8151H         LINE#         247
  C:8153H         LINE#         248
  C:8156H         LINE#         250
  C:8156H         LINE#         251
  -------         ENDPROC       _IAPREAD
  -------         PROC          L?0007
  -------         ENDPROC       L?0007
  -------         PROC          _IAPPROGRAM
  D:0006H         SYMBOL        addr
  D:0005H         SYMBOL        dat
  C:80F1H         LINE#         253
  C:80F1H         LINE#         254
  C:80F1H         LINE#         255
  C:80F4H         LINE#         256
  C:80F7H         LINE#         257
BL51 BANKED LINKER/LOCATER V6.22                                                      03/20/2019  11:22:08  PAGE 15


  C:80F9H         LINE#         258
  C:80FCH         LINE#         259
  C:8100H         LINE#         260
  C:8103H         LINE#         261
  C:8106H         LINE#         262
  C:8107H         LINE#         263
  -------         ENDPROC       _IAPPROGRAM
  -------         PROC          _IAPERASE
  D:0006H         SYMBOL        addr
  C:8157H         LINE#         266
  C:8157H         LINE#         267
  C:8157H         LINE#         268
  C:815AH         LINE#         269
  C:815DH         LINE#         270
  C:815FH         LINE#         271
  C:8162H         LINE#         272
  C:8165H         LINE#         273
  C:8168H         LINE#         274
  C:8169H         LINE#         275
  -------         ENDPROC       _IAPERASE
  -------         ENDMOD        IRD_REMOTE

  -------         MODULE        KEY
  C:0000H         SYMBOL        _ICE_DUMMY_
  D:0080H         PUBLIC        P0
  D:0090H         PUBLIC        P1
  D:00A0H         PUBLIC        P2
  D:00B0H         PUBLIC        P3
  D:00C0H         PUBLIC        P4
  B:0020H.0       PUBLIC        key1_status
  X:1426H         PUBLIC        menu_index_q
  D:00C8H         PUBLIC        P5
  B:0020H.1       PUBLIC        key2_status
  D:00E8H         PUBLIC        P6
  B:0020H.2       PUBLIC        key3_status
  D:00F8H         PUBLIC        P7
  B:0020H.3       PUBLIC        key4_status
  B:0020H.4       PUBLIC        key5_status
  B:0020H.5       PUBLIC        key6_status
  B:0020H.6       PUBLIC        key7_status
  B:0020H.7       PUBLIC        key8_status
  X:1427H         PUBLIC        canshu_1_weizhi
  B:0021H.0       PUBLIC        key9_status
  X:1428H         PUBLIC        canshu_2_weizhi
  X:1429H         PUBLIC        canshu_3_weizhi
  D:00A8H         PUBLIC        IE
  X:142AH         PUBLIC        canshu_4_weizhi
  X:142BH         PUBLIC        canshu_5_weizhi
  X:142CH         PUBLIC        canshu_6_weizhi
  X:142DH         PUBLIC        canshu_7_weizhi
  X:142EH         PUBLIC        canshu_8_weizhi
  X:142FH         PUBLIC        canshu_9_weizhi
  X:1430H         PUBLIC        poll_time_enable
  D:00B8H         PUBLIC        IP
  X:1431H         PUBLIC        key1_time_count
  X:1432H         PUBLIC        handle_scan_key_flag
  D:00D8H         PUBLIC        CCON
BL51 BANKED LINKER/LOCATER V6.22                                                      03/20/2019  11:22:08  PAGE 16


  X:1433H         PUBLIC        canshu_cnt
  B:00A0H.0       PUBLIC        P20
  B:00A0H.1       PUBLIC        P21
  D:0098H         PUBLIC        SCON
  B:00A0H.2       PUBLIC        P22
  B:0021H.1       PUBLIC        key10_status
  D:0088H         PUBLIC        TCON
  B:00C8H.0       PUBLIC        P50
  B:00C0H.1       PUBLIC        P41
  B:00A0H.3       PUBLIC        P23
  B:0021H.2       PUBLIC        key11_status
  B:00C8H.1       PUBLIC        P51
  B:00C0H.2       PUBLIC        P42
  B:00A0H.4       PUBLIC        P24
  B:0021H.3       PUBLIC        key12_status
  B:00A0H.5       PUBLIC        P25
  B:00A0H.6       PUBLIC        P26
  B:00B0H.6       PUBLIC        P36
  B:00B0H.7       PUBLIC        P37
  X:1434H         PUBLIC        day_index
  X:1436H         PUBLIC        canshu_10_weizhi
  X:1437H         PUBLIC        canshu_11_weizhi
  X:1438H         PUBLIC        canshu_12_weizhi
  X:1439H         PUBLIC        canshu_13_weizhi
  X:143AH         PUBLIC        canshu_14_weizhi
  X:143BH         PUBLIC        KEY_VALUE
  X:143CH         PUBLIC        poll_task_flag
  X:143DH         PUBLIC        work_mode
  X:143FH         PUBLIC        KEY_STATE
  C:0046H         PUBLIC        scan_key_value
  X:1440H         PUBLIC        set_status
  X:1441H         PUBLIC        poll_time_count
  C:7A7CH         PUBLIC        init_key
  X:1443H         PUBLIC        scan_key_time_count
  X:1444H         PUBLIC        zhuangtai_cnt
  D:00D0H         PUBLIC        PSW
  -------         PROC          INIT_KEY
  C:7A7CH         LINE#         106
  C:7A7CH         LINE#         107
  C:7A7CH         LINE#         108
  C:7A85H         LINE#         109
  C:7A8EH         LINE#         110
  C:7A97H         LINE#         111
  C:7AA0H         LINE#         112
  C:7AA9H         LINE#         113
  C:7AB2H         LINE#         114
  C:7ABBH         LINE#         115
  C:7AC4H         LINE#         116
  C:7ACDH         LINE#         117
  C:7AD6H         LINE#         118
  C:7ADFH         LINE#         119
  -------         ENDPROC       INIT_KEY
  -------         PROC          SCAN_KEY_VALUE
  -------         DO            
  D:0006H         SYMBOL        key_temp
  -------         ENDDO         
  C:0046H         LINE#         129
BL51 BANKED LINKER/LOCATER V6.22                                                      03/20/2019  11:22:08  PAGE 17


  C:0046H         LINE#         130
  C:0046H         LINE#         133
  C:0048H         LINE#         135
  C:0055H         LINE#         137
  C:0062H         LINE#         139
  C:006FH         LINE#         141
  C:007CH         LINE#         143
  C:0089H         LINE#         145
  C:0096H         LINE#         147
  C:00A3H         LINE#         149
  C:00B0H         LINE#         151
  C:00BDH         LINE#         153
  C:00CAH         LINE#         155
  C:00D7H         LINE#         157
  C:00E4H         LINE#         159
  C:0121H         LINE#         160
  C:0121H         LINE#         161
  C:0124H         LINE#         163
  C:0130H         LINE#         165
  C:013DH         LINE#         167
  C:0144H         LINE#         169
  C:014BH         LINE#         171
  C:0152H         LINE#         173
  C:0159H         LINE#         175
  C:0160H         LINE#         177
  C:0167H         LINE#         179
  C:016EH         LINE#         181
  C:0175H         LINE#         183
  C:017CH         LINE#         185
  C:0184H         LINE#         187
  C:018AH         LINE#         189
  C:018AH         LINE#         192
  C:0193H         LINE#         193
  C:0193H         LINE#         194
  C:019FH         LINE#         195
  C:019FH         LINE#         196
  C:01DBH         LINE#         197
  C:01DBH         LINE#         198
  C:01DBH         LINE#         201
  C:01E0H         LINE#         203
  C:01E6H         LINE#         205
  C:01EAH         LINE#         207
  C:01F8H         LINE#         209
  C:0202H         LINE#         212
  C:0209H         LINE#         213
  C:0209H         LINE#         214
  C:0209H         LINE#         215
  C:0209H         LINE#         216
  C:020CH         LINE#         217
  C:0218H         LINE#         218
  C:0218H         LINE#         219
  C:0218H         LINE#         220
  C:0218H         LINE#         221
  C:0218H         LINE#         223
  C:021BH         LINE#         224
  C:0223H         LINE#         226
  C:0223H         LINE#         227
BL51 BANKED LINKER/LOCATER V6.22                                                      03/20/2019  11:22:08  PAGE 18


  C:022AH         LINE#         229
  C:0230H         LINE#         231
  C:0235H         LINE#         233
  C:023BH         LINE#         235
  C:023FH         LINE#         237
  C:0245H         LINE#         240
  C:024FH         LINE#         241
  C:024FH         LINE#         243
  C:0255H         LINE#         245
  C:025BH         LINE#         247
  C:025FH         LINE#         249
  C:0272H         LINE#         251
  C:027FH         LINE#         253
  C:0282H         LINE#         255
  C:0286H         LINE#         257
  C:0293H         LINE#         260
  C:0293H         LINE#         261
  C:0293H         LINE#         262
  C:0293H         LINE#         264
  C:0296H         LINE#         267
  C:0296H         LINE#         268
  C:02A5H         LINE#         269
  C:02A5H         LINE#         270
  C:02AAH         LINE#         272
  C:02AFH         LINE#         274
  C:02B5H         LINE#         276
  C:02B9H         LINE#         278
  C:02BFH         LINE#         280
  C:02C5H         LINE#         282
  C:02C9H         LINE#         284
  C:02DCH         LINE#         286
  C:02E9H         LINE#         288
  C:02ECH         LINE#         290
  C:02F0H         LINE#         292
  C:02FDH         LINE#         294
  C:02FDH         LINE#         295
  C:02FDH         LINE#         296
  C:02FDH         LINE#         297
  C:0300H         LINE#         299
  C:0300H         LINE#         301
  C:030FH         LINE#         302
  C:030FH         LINE#         303
  C:0314H         LINE#         305
  C:0319H         LINE#         307
  C:031FH         LINE#         309
  C:0323H         LINE#         311
  C:0329H         LINE#         313
  C:032FH         LINE#         315
  C:0333H         LINE#         317
  C:0346H         LINE#         319
  C:0353H         LINE#         321
  C:0356H         LINE#         323
  C:035AH         LINE#         325
  C:0367H         LINE#         327
  C:0367H         LINE#         328
  C:0367H         LINE#         329
  C:0367H         LINE#         330
BL51 BANKED LINKER/LOCATER V6.22                                                      03/20/2019  11:22:08  PAGE 19


  C:0369H         LINE#         332
  C:0369H         LINE#         333
  C:036FH         LINE#         335
  C:0373H         LINE#         340
  C:0373H         LINE#         341
  C:0373H         LINE#         343
  C:0375H         LINE#         345
  C:0375H         LINE#         346
  C:0375H         LINE#         347
  C:037BH         LINE#         349
  C:0380H         LINE#         351
  C:0386H         LINE#         353
  C:038AH         LINE#         359
  C:038DH         LINE#         362
  C:038DH         LINE#         363
  C:038DH         LINE#         365
  C:038DH         LINE#         367
  C:038FH         LINE#         369
  C:038FH         LINE#         370
  C:038FH         LINE#         371
  C:0395H         LINE#         373
  C:039CH         LINE#         375
  C:03A0H         LINE#         379
  C:03A3H         LINE#         383
  C:03A9H         LINE#         385
  C:03ADH         LINE#         387
  C:03B0H         LINE#         388
  C:03B3H         LINE#         390
  C:03B3H         LINE#         392
  C:03B6H         LINE#         394
  C:03B6H         LINE#         395
  C:03B6H         LINE#         396
  C:03BCH         LINE#         398
  C:03C1H         LINE#         400
  C:03C7H         LINE#         402
  C:03CBH         LINE#         406
  C:03CEH         LINE#         410
  C:03D4H         LINE#         412
  C:03DCH         LINE#         416
  C:03DFH         LINE#         417
  C:03E2H         LINE#         421
  C:03E2H         LINE#         423
  C:03E5H         LINE#         425
  C:03E5H         LINE#         426
  C:03EDH         LINE#         427
  C:03EDH         LINE#         428
  C:03F0H         LINE#         430
  C:03F8H         LINE#         431
  C:03F8H         LINE#         432
  C:03F8H         LINE#         433
  C:03FBH         LINE#         434
  C:03FFH         LINE#         435
  C:03FFH         LINE#         436
  C:03FFH         LINE#         437
  C:0402H         LINE#         439
  C:0402H         LINE#         440
  C:0402H         LINE#         441
BL51 BANKED LINKER/LOCATER V6.22                                                      03/20/2019  11:22:08  PAGE 20


  C:0402H         LINE#         444
  C:0405H         LINE#         445
  C:040AH         LINE#         446
  C:040AH         LINE#         448
  C:0411H         LINE#         449
  C:0411H         LINE#         450
  C:0417H         LINE#         452
  C:0437H         LINE#         453
  C:0437H         LINE#         454
  C:0437H         LINE#         455
  C:043AH         LINE#         457
  C:043AH         LINE#         458
  C:043AH         LINE#         459
  C:043AH         LINE#         460
  C:043DH         LINE#         461
  C:0444H         LINE#         462
  C:0444H         LINE#         463
  C:044AH         LINE#         465
  C:045DH         LINE#         466
  C:045DH         LINE#         467
  C:045DH         LINE#         468
  C:0460H         LINE#         476
  C:0460H         LINE#         477
  C:0466H         LINE#         479
  C:0479H         LINE#         480
  C:0479H         LINE#         481
  C:0479H         LINE#         482
  C:047CH         LINE#         484
  C:047CH         LINE#         485
  C:047CH         LINE#         486
  C:047CH         LINE#         487
  C:047CH         LINE#         490
  C:047FH         LINE#         491
  C:0487H         LINE#         492
  C:0487H         LINE#         493
  C:048AH         LINE#         495
  C:0492H         LINE#         496
  C:0492H         LINE#         497
  C:0492H         LINE#         498
  C:0495H         LINE#         499
  C:0499H         LINE#         500
  C:0499H         LINE#         501
  C:0499H         LINE#         502
  C:049CH         LINE#         504
  C:049CH         LINE#         505
  C:049CH         LINE#         506
  C:049CH         LINE#         507
  C:049FH         LINE#         508
  C:04A4H         LINE#         509
  C:04A4H         LINE#         510
  C:04ABH         LINE#         511
  C:04ABH         LINE#         512
  C:04B1H         LINE#         514
  C:04D1H         LINE#         515
  C:04D1H         LINE#         516
  C:04D1H         LINE#         517
  C:04D4H         LINE#         519
BL51 BANKED LINKER/LOCATER V6.22                                                      03/20/2019  11:22:08  PAGE 21


  C:04D4H         LINE#         520
  C:04D4H         LINE#         521
  C:04D4H         LINE#         522
  C:04D7H         LINE#         523
  C:04DEH         LINE#         524
  C:04DEH         LINE#         525
  C:04E4H         LINE#         527
  C:04F7H         LINE#         528
  C:04F7H         LINE#         529
  C:04F7H         LINE#         530
  C:04FAH         LINE#         532
  C:04FAH         LINE#         533
  C:04FAH         LINE#         534
  C:04FAH         LINE#         535
  C:04FDH         LINE#         537
  C:04FDH         LINE#         538
  C:0503H         LINE#         540
  C:0516H         LINE#         541
  C:0516H         LINE#         542
  C:0516H         LINE#         543
  C:0519H         LINE#         545
  C:0519H         LINE#         546
  C:0519H         LINE#         547
  C:0519H         LINE#         548
  C:0519H         LINE#         551
  C:051CH         LINE#         552
  C:0524H         LINE#         553
  C:0524H         LINE#         554
  C:0527H         LINE#         556
  C:052FH         LINE#         557
  C:052FH         LINE#         558
  C:052FH         LINE#         559
  C:0532H         LINE#         560
  C:0536H         LINE#         561
  C:0536H         LINE#         562
  C:0536H         LINE#         563
  C:0539H         LINE#         565
  C:0539H         LINE#         566
  C:0539H         LINE#         567
  C:0539H         LINE#         568
  C:053CH         LINE#         569
  C:0541H         LINE#         570
  C:0541H         LINE#         571
  C:0549H         LINE#         572
  C:0549H         LINE#         573
  C:054FH         LINE#         575
  C:0562H         LINE#         576
  C:0562H         LINE#         577
  C:0562H         LINE#         578
  C:0565H         LINE#         580
  C:0565H         LINE#         581
  C:0565H         LINE#         582
  C:0565H         LINE#         583
  C:0568H         LINE#         584
  C:056CH         LINE#         585
  C:056CH         LINE#         586
  C:0572H         LINE#         588
BL51 BANKED LINKER/LOCATER V6.22                                                      03/20/2019  11:22:08  PAGE 22


  C:0585H         LINE#         589
  C:0585H         LINE#         590
  C:0585H         LINE#         591
  C:0588H         LINE#         593
  C:0588H         LINE#         594
  C:0588H         LINE#         595
  C:0588H         LINE#         596
  C:058BH         LINE#         598
  C:058BH         LINE#         599
  C:0591H         LINE#         601
  C:05A4H         LINE#         602
  C:05A4H         LINE#         603
  C:05A4H         LINE#         604
  C:05A7H         LINE#         606
  C:05A7H         LINE#         607
  C:05A7H         LINE#         608
  C:05A7H         LINE#         609
  C:05A7H         LINE#         611
  C:05AAH         LINE#         612
  C:05B2H         LINE#         613
  C:05B2H         LINE#         614
  C:05B5H         LINE#         616
  C:05BDH         LINE#         617
  C:05BDH         LINE#         618
  C:05BDH         LINE#         619
  C:05C0H         LINE#         620
  C:05C4H         LINE#         621
  C:05C4H         LINE#         622
  C:05C4H         LINE#         623
  C:05C7H         LINE#         625
  C:05C7H         LINE#         626
  C:05C7H         LINE#         627
  C:05C7H         LINE#         628
  C:05CAH         LINE#         629
  C:05CFH         LINE#         630
  C:05CFH         LINE#         631
  C:05D7H         LINE#         632
  C:05D7H         LINE#         633
  C:05DDH         LINE#         635
  C:05F0H         LINE#         636
  C:05F0H         LINE#         637
  C:05F0H         LINE#         638
  C:05F3H         LINE#         640
  C:05F3H         LINE#         641
  C:05F3H         LINE#         642
  C:05F3H         LINE#         643
  C:05F6H         LINE#         644
  C:05FAH         LINE#         645
  C:05FAH         LINE#         646
  C:0600H         LINE#         648
  C:0613H         LINE#         649
  C:0613H         LINE#         650
  C:0613H         LINE#         651
  C:0616H         LINE#         653
  C:0616H         LINE#         654
  C:0616H         LINE#         655
  C:0616H         LINE#         656
BL51 BANKED LINKER/LOCATER V6.22                                                      03/20/2019  11:22:08  PAGE 23


  C:0619H         LINE#         658
  C:0619H         LINE#         659
  C:061FH         LINE#         661
  C:0632H         LINE#         662
  C:0632H         LINE#         663
  C:0632H         LINE#         664
  C:0635H         LINE#         666
  C:0635H         LINE#         667
  C:0635H         LINE#         668
  C:0635H         LINE#         669
  C:0635H         LINE#         671
  C:0638H         LINE#         672
  C:0640H         LINE#         673
  C:0640H         LINE#         674
  C:0643H         LINE#         676
  C:064BH         LINE#         677
  C:064BH         LINE#         678
  C:064BH         LINE#         679
  C:064EH         LINE#         680
  C:0652H         LINE#         681
  C:0652H         LINE#         682
  C:0652H         LINE#         683
  C:0655H         LINE#         685
  C:0655H         LINE#         686
  C:0655H         LINE#         687
  C:0655H         LINE#         688
  C:0658H         LINE#         689
  C:065DH         LINE#         690
  C:065DH         LINE#         691
  C:0664H         LINE#         692
  C:0664H         LINE#         693
  C:066AH         LINE#         695
  C:068AH         LINE#         696
  C:068AH         LINE#         697
  C:068AH         LINE#         698
  C:068DH         LINE#         700
  C:068DH         LINE#         701
  C:068DH         LINE#         702
  C:068DH         LINE#         703
  C:0690H         LINE#         704
  C:0697H         LINE#         705
  C:0697H         LINE#         706
  C:069DH         LINE#         708
  C:06B0H         LINE#         709
  C:06B0H         LINE#         710
  C:06B0H         LINE#         711
  C:06B3H         LINE#         713
  C:06B3H         LINE#         714
  C:06B3H         LINE#         715
  C:06B3H         LINE#         716
  C:06B6H         LINE#         718
  C:06B6H         LINE#         719
  C:06BCH         LINE#         721
  C:06CFH         LINE#         722
  C:06CFH         LINE#         723
  C:06CFH         LINE#         724
  C:06D2H         LINE#         726
BL51 BANKED LINKER/LOCATER V6.22                                                      03/20/2019  11:22:08  PAGE 24


  C:06D2H         LINE#         727
  C:06D2H         LINE#         728
  C:06D2H         LINE#         729
  C:06D2H         LINE#         731
  C:06D5H         LINE#         732
  C:06DDH         LINE#         733
  C:06DDH         LINE#         734
  C:06E0H         LINE#         736
  C:06E8H         LINE#         737
  C:06E8H         LINE#         738
  C:06E8H         LINE#         739
  C:06EBH         LINE#         740
  C:06EFH         LINE#         741
  C:06EFH         LINE#         742
  C:06EFH         LINE#         743
  C:06F2H         LINE#         745
  C:06F2H         LINE#         746
  C:06F2H         LINE#         747
  C:06F2H         LINE#         748
  C:06F5H         LINE#         749
  C:06FDH         LINE#         750
  C:06FDH         LINE#         751
  C:0704H         LINE#         752
  C:0704H         LINE#         753
  C:070AH         LINE#         755
  C:072AH         LINE#         756
  C:072AH         LINE#         757
  C:072DH         LINE#         758
  C:0730H         LINE#         760
  C:0730H         LINE#         761
  C:0733H         LINE#         762
  C:0733H         LINE#         763
  C:0735H         LINE#         764
  C:073CH         LINE#         765
  C:073CH         LINE#         766
  C:0742H         LINE#         768
  C:0755H         LINE#         769
  C:0755H         LINE#         770
  C:0755H         LINE#         771
  C:0757H         LINE#         773
  C:0757H         LINE#         774
  C:075AH         LINE#         775
  C:075AH         LINE#         776
  C:075CH         LINE#         778
  C:075CH         LINE#         779
  C:0762H         LINE#         781
  C:0775H         LINE#         782
  C:0775H         LINE#         783
  C:0778H         LINE#         784
  C:077BH         LINE#         786
  C:077BH         LINE#         787
  C:0782H         LINE#         788
  C:0782H         LINE#         789
  C:0782H         LINE#         791
  C:0782H         LINE#         792
  C:0785H         LINE#         794
  C:0785H         LINE#         796
BL51 BANKED LINKER/LOCATER V6.22                                                      03/20/2019  11:22:08  PAGE 25


  C:0793H         LINE#         797
  C:0793H         LINE#         798
  C:07A1H         LINE#         800
  C:07ABH         LINE#         801
  C:07ABH         LINE#         803
  C:07B3H         LINE#         804
  C:07B3H         LINE#         805
  C:07BEH         LINE#         806
  C:07BEH         LINE#         807
  C:07D2H         LINE#         808
  C:07D2H         LINE#         809
  C:07D2H         LINE#         810
  C:07F4H         LINE#         811
  C:07F4H         LINE#         812
  C:07F4H         LINE#         813
  C:07F4H         LINE#         814
  C:07F7H         LINE#         815
  C:07F7H         LINE#         816
  C:0819H         LINE#         817
  C:0819H         LINE#         818
  C:0819H         LINE#         819
  C:0819H         LINE#         820
  C:081CH         LINE#         821
  C:081CH         LINE#         822
  C:083EH         LINE#         823
  C:083EH         LINE#         824
  C:083EH         LINE#         825
  C:083EH         LINE#         826
  C:0841H         LINE#         827
  C:0841H         LINE#         828
  C:0863H         LINE#         829
  C:0863H         LINE#         830
  C:0863H         LINE#         831
  C:0863H         LINE#         832
  C:0866H         LINE#         833
  C:0866H         LINE#         834
  C:0866H         LINE#         835
  C:0866H         LINE#         836
  C:086DH         LINE#         837
  C:086DH         LINE#         838
  C:087AH         LINE#         839
  C:087AH         LINE#         840
  C:087AH         LINE#         841
  C:088CH         LINE#         842
  C:088CH         LINE#         843
  C:0898H         LINE#         844
  C:0898H         LINE#         845
  C:089BH         LINE#         846
  C:089BH         LINE#         847
  C:08ADH         LINE#         848
  C:08ADH         LINE#         849
  C:08B5H         LINE#         850
  C:08B5H         LINE#         851
  C:08B8H         LINE#         852
  C:08B8H         LINE#         853
  C:08B8H         LINE#         854
  C:08B8H         LINE#         856
BL51 BANKED LINKER/LOCATER V6.22                                                      03/20/2019  11:22:08  PAGE 26


  C:08B8H         LINE#         857
  C:08C5H         LINE#         858
  C:08C5H         LINE#         859
  C:08C5H         LINE#         860
  C:08D7H         LINE#         861
  C:08D7H         LINE#         862
  C:08E3H         LINE#         863
  C:08E3H         LINE#         864
  C:08E6H         LINE#         865
  C:08E6H         LINE#         866
  C:08F8H         LINE#         867
  C:08F8H         LINE#         868
  C:0900H         LINE#         869
  C:0900H         LINE#         870
  C:0903H         LINE#         871
  C:0903H         LINE#         872
  C:0903H         LINE#         873
  C:0903H         LINE#         876
  C:0903H         LINE#         877
  C:090EH         LINE#         878
  C:090EH         LINE#         879
  C:0919H         LINE#         880
  C:0919H         LINE#         881
  C:092DH         LINE#         882
  C:092DH         LINE#         883
  C:092DH         LINE#         884
  C:094FH         LINE#         885
  C:094FH         LINE#         886
  C:094FH         LINE#         887
  C:094FH         LINE#         888
  C:0952H         LINE#         889
  C:0952H         LINE#         890
  C:0974H         LINE#         891
  C:0974H         LINE#         892
  C:0974H         LINE#         893
  C:0974H         LINE#         894
  C:0977H         LINE#         895
  C:0977H         LINE#         896
  C:0999H         LINE#         897
  C:0999H         LINE#         898
  C:0999H         LINE#         899
  C:0999H         LINE#         900
  C:099CH         LINE#         901
  C:099CH         LINE#         902
  C:09BEH         LINE#         903
  C:09BEH         LINE#         904
  C:09BEH         LINE#         905
  C:09BEH         LINE#         906
  C:09C1H         LINE#         907
  C:09C1H         LINE#         908
  C:09C1H         LINE#         909
  C:09C1H         LINE#         910
  C:09C8H         LINE#         911
  C:09C8H         LINE#         912
  C:09D5H         LINE#         913
  C:09D5H         LINE#         914
  C:09D5H         LINE#         915
BL51 BANKED LINKER/LOCATER V6.22                                                      03/20/2019  11:22:08  PAGE 27


  C:09E7H         LINE#         916
  C:09E7H         LINE#         917
  C:09F3H         LINE#         918
  C:09F3H         LINE#         919
  C:09F6H         LINE#         920
  C:09F6H         LINE#         921
  C:0A08H         LINE#         922
  C:0A08H         LINE#         923
  C:0A10H         LINE#         924
  C:0A10H         LINE#         925
  C:0A13H         LINE#         927
  C:0A13H         LINE#         928
  C:0A13H         LINE#         929
  C:0A13H         LINE#         931
  C:0A13H         LINE#         932
  C:0A20H         LINE#         933
  C:0A20H         LINE#         934
  C:0A20H         LINE#         935
  C:0A32H         LINE#         936
  C:0A32H         LINE#         937
  C:0A3EH         LINE#         938
  C:0A3EH         LINE#         939
  C:0A41H         LINE#         940
  C:0A41H         LINE#         941
  C:0A53H         LINE#         942
  C:0A53H         LINE#         943
  C:0A5BH         LINE#         944
  C:0A5BH         LINE#         945
  C:0A5EH         LINE#         947
  C:0A5EH         LINE#         948
  C:0A5EH         LINE#         949
  C:0A5EH         LINE#         952
  C:0A5EH         LINE#         953
  C:0A6AH         LINE#         954
  C:0A6AH         LINE#         955
  C:0A72H         LINE#         956
  C:0A72H         LINE#         957
  C:0A7FH         LINE#         958
  C:0A7FH         LINE#         959
  C:0A7FH         LINE#         960
  C:0A91H         LINE#         961
  C:0A91H         LINE#         962
  C:0A9DH         LINE#         963
  C:0A9DH         LINE#         964
  C:0AA0H         LINE#         965
  C:0AA0H         LINE#         966
  C:0AB2H         LINE#         967
  C:0AB2H         LINE#         968
  C:0ABAH         LINE#         969
  C:0ABAH         LINE#         970
  C:0ABDH         LINE#         972
  C:0ABDH         LINE#         973
  C:0ABDH         LINE#         974
  C:0ABDH         LINE#         975
  C:0AC1H         LINE#         976
  C:0AC1H         LINE#         977
  C:0ACEH         LINE#         978
BL51 BANKED LINKER/LOCATER V6.22                                                      03/20/2019  11:22:08  PAGE 28


  C:0ACEH         LINE#         979
  C:0ACEH         LINE#         980
  C:0AE0H         LINE#         981
  C:0AE0H         LINE#         982
  C:0AECH         LINE#         983
  C:0AECH         LINE#         984
  C:0AEFH         LINE#         985
  C:0AEFH         LINE#         986
  C:0B01H         LINE#         987
  C:0B01H         LINE#         988
  C:0B09H         LINE#         989
  C:0B09H         LINE#         990
  C:0B0CH         LINE#         992
  C:0B0CH         LINE#         993
  C:0B0CH         LINE#         994
  C:0B0CH         LINE#         996
  C:0B0CH         LINE#         997
  C:0B19H         LINE#         998
  C:0B19H         LINE#         999
  C:0B19H         LINE#         1000
  C:0B2BH         LINE#         1001
  C:0B2BH         LINE#         1002
  C:0B37H         LINE#         1003
  C:0B37H         LINE#         1004
  C:0B3AH         LINE#         1005
  C:0B3AH         LINE#         1006
  C:0B4CH         LINE#         1007
  C:0B4CH         LINE#         1008
  C:0B54H         LINE#         1009
  C:0B54H         LINE#         1010
  C:0B57H         LINE#         1012
  C:0B57H         LINE#         1013
  C:0B57H         LINE#         1014
  C:0B57H         LINE#         1017
  C:0B57H         LINE#         1018
  C:0B5FH         LINE#         1019
  C:0B5FH         LINE#         1020
  C:0B67H         LINE#         1021
  C:0B67H         LINE#         1022
  C:0B74H         LINE#         1023
  C:0B74H         LINE#         1024
  C:0B74H         LINE#         1025
  C:0B86H         LINE#         1026
  C:0B86H         LINE#         1027
  C:0B92H         LINE#         1028
  C:0B92H         LINE#         1029
  C:0B95H         LINE#         1030
  C:0B95H         LINE#         1031
  C:0BA7H         LINE#         1032
  C:0BA7H         LINE#         1033
  C:0BAFH         LINE#         1034
  C:0BAFH         LINE#         1035
  C:0BB2H         LINE#         1037
  C:0BB2H         LINE#         1038
  C:0BB2H         LINE#         1039
  C:0BB2H         LINE#         1040
  C:0BB6H         LINE#         1041
BL51 BANKED LINKER/LOCATER V6.22                                                      03/20/2019  11:22:08  PAGE 29


  C:0BB6H         LINE#         1042
  C:0BC3H         LINE#         1043
  C:0BC3H         LINE#         1044
  C:0BC3H         LINE#         1045
  C:0BD5H         LINE#         1046
  C:0BD5H         LINE#         1047
  C:0BE1H         LINE#         1048
  C:0BE1H         LINE#         1049
  C:0BE4H         LINE#         1050
  C:0BE4H         LINE#         1051
  C:0BF6H         LINE#         1052
  C:0BF6H         LINE#         1053
  C:0BFEH         LINE#         1054
  C:0BFEH         LINE#         1055
  C:0C01H         LINE#         1057
  C:0C01H         LINE#         1058
  C:0C01H         LINE#         1059
  C:0C01H         LINE#         1061
  C:0C01H         LINE#         1062
  C:0C0EH         LINE#         1063
  C:0C0EH         LINE#         1064
  C:0C0EH         LINE#         1065
  C:0C20H         LINE#         1066
  C:0C20H         LINE#         1067
  C:0C2CH         LINE#         1068
  C:0C2CH         LINE#         1069
  C:0C2FH         LINE#         1070
  C:0C2FH         LINE#         1071
  C:0C41H         LINE#         1072
  C:0C41H         LINE#         1073
  C:0C49H         LINE#         1074
  C:0C49H         LINE#         1075
  C:0C4CH         LINE#         1077
  C:0C4CH         LINE#         1078
  C:0C4CH         LINE#         1079
  C:0C4CH         LINE#         1082
  C:0C4CH         LINE#         1083
  C:0C57H         LINE#         1084
  C:0C57H         LINE#         1085
  C:0C62H         LINE#         1086
  C:0C62H         LINE#         1087
  C:0C7CH         LINE#         1088
  C:0C7CH         LINE#         1089
  C:0C7CH         LINE#         1090
  C:0C9EH         LINE#         1091
  C:0C9EH         LINE#         1092
  C:0CB3H         LINE#         1093
  C:0CB3H         LINE#         1094
  C:0CB6H         LINE#         1095
  C:0CB6H         LINE#         1096
  C:0CD8H         LINE#         1097
  C:0CD8H         LINE#         1098
  C:0CEDH         LINE#         1099
  C:0CEDH         LINE#         1100
  C:0CF0H         LINE#         1101
  C:0CF0H         LINE#         1102
  C:0D12H         LINE#         1103
BL51 BANKED LINKER/LOCATER V6.22                                                      03/20/2019  11:22:08  PAGE 30


  C:0D12H         LINE#         1104
  C:0D27H         LINE#         1105
  C:0D27H         LINE#         1106
  C:0D2AH         LINE#         1107
  C:0D2AH         LINE#         1108
  C:0D4CH         LINE#         1109
  C:0D4CH         LINE#         1110
  C:0D61H         LINE#         1111
  C:0D61H         LINE#         1112
  C:0D64H         LINE#         1113
  C:0D64H         LINE#         1114
  C:0D64H         LINE#         1115
  C:0D64H         LINE#         1116
  C:0D6BH         LINE#         1117
  C:0D6BH         LINE#         1118
  C:0D78H         LINE#         1119
  C:0D78H         LINE#         1120
  C:0D78H         LINE#         1121
  C:0D8AH         LINE#         1122
  C:0D8AH         LINE#         1123
  C:0D96H         LINE#         1124
  C:0D96H         LINE#         1125
  C:0D99H         LINE#         1126
  C:0D99H         LINE#         1127
  C:0DABH         LINE#         1128
  C:0DABH         LINE#         1129
  C:0DB3H         LINE#         1130
  C:0DB3H         LINE#         1131
  C:0DB6H         LINE#         1133
  C:0DB6H         LINE#         1134
  C:0DB6H         LINE#         1135
  C:0DB6H         LINE#         1137
  C:0DB6H         LINE#         1138
  C:0DC3H         LINE#         1139
  C:0DC3H         LINE#         1140
  C:0DC3H         LINE#         1141
  C:0DD5H         LINE#         1142
  C:0DD5H         LINE#         1143
  C:0DE1H         LINE#         1144
  C:0DE1H         LINE#         1145
  C:0DE4H         LINE#         1146
  C:0DE4H         LINE#         1147
  C:0DF6H         LINE#         1148
  C:0DF6H         LINE#         1149
  C:0DFEH         LINE#         1150
  C:0DFEH         LINE#         1151
  C:0E01H         LINE#         1153
  C:0E01H         LINE#         1154
  C:0E01H         LINE#         1155
  C:0E01H         LINE#         1158
  C:0E01H         LINE#         1159
  C:0E0CH         LINE#         1160
  C:0E0CH         LINE#         1161
  C:0E17H         LINE#         1162
  C:0E17H         LINE#         1163
  C:0E31H         LINE#         1164
  C:0E31H         LINE#         1165
BL51 BANKED LINKER/LOCATER V6.22                                                      03/20/2019  11:22:08  PAGE 31


  C:0E31H         LINE#         1166
  C:0E53H         LINE#         1167
  C:0E53H         LINE#         1168
  C:0E68H         LINE#         1169
  C:0E68H         LINE#         1170
  C:0E6BH         LINE#         1171
  C:0E6BH         LINE#         1172
  C:0E8DH         LINE#         1173
  C:0E8DH         LINE#         1174
  C:0EA2H         LINE#         1175
  C:0EA2H         LINE#         1176
  C:0EA5H         LINE#         1177
  C:0EA5H         LINE#         1178
  C:0EC7H         LINE#         1179
  C:0EC7H         LINE#         1180
  C:0EDCH         LINE#         1181
  C:0EDCH         LINE#         1182
  C:0EDFH         LINE#         1183
  C:0EDFH         LINE#         1184
  C:0F01H         LINE#         1185
  C:0F01H         LINE#         1186
  C:0F16H         LINE#         1187
  C:0F16H         LINE#         1188
  C:0F19H         LINE#         1189
  C:0F19H         LINE#         1190
  C:0F19H         LINE#         1191
  C:0F19H         LINE#         1192
  C:0F20H         LINE#         1193
  C:0F20H         LINE#         1194
  C:0F2DH         LINE#         1195
  C:0F2DH         LINE#         1196
  C:0F2DH         LINE#         1197
  C:0F3FH         LINE#         1198
  C:0F3FH         LINE#         1199
  C:0F4BH         LINE#         1200
  C:0F4BH         LINE#         1201
  C:0F4EH         LINE#         1202
  C:0F4EH         LINE#         1203
  C:0F60H         LINE#         1204
  C:0F60H         LINE#         1205
  C:0F68H         LINE#         1206
  C:0F68H         LINE#         1207
  C:0F6AH         LINE#         1209
  C:0F6AH         LINE#         1210
  C:0F6AH         LINE#         1211
  C:0F6AH         LINE#         1213
  C:0F6AH         LINE#         1214
  C:0F77H         LINE#         1215
  C:0F77H         LINE#         1216
  C:0F77H         LINE#         1217
  C:0F89H         LINE#         1218
  C:0F89H         LINE#         1219
  C:0F95H         LINE#         1220
  C:0F95H         LINE#         1221
  C:0F98H         LINE#         1222
  C:0F98H         LINE#         1223
  C:0FAAH         LINE#         1224
BL51 BANKED LINKER/LOCATER V6.22                                                      03/20/2019  11:22:08  PAGE 32


  C:0FAAH         LINE#         1225
  C:0FB6H         LINE#         1226
  C:0FB6H         LINE#         1227
  C:0FB9H         LINE#         1229
  C:0FB9H         LINE#         1230
  C:0FB9H         LINE#         1231
  C:0FB9H         LINE#         1234
  C:0FB9H         LINE#         1235
  C:0FB9H         LINE#         1237
  C:0FB9H         LINE#         1238
  C:0FC7H         LINE#         1239
  C:0FC7H         LINE#         1240
  C:0FD6H         LINE#         1241
  C:0FD6H         LINE#         1242
  C:0FE2H         LINE#         1243
  C:0FE2H         LINE#         1245
  C:0FE2H         LINE#         1247
  C:0FEAH         LINE#         1248
  C:0FEAH         LINE#         1249
  C:0FF5H         LINE#         1250
  C:0FF5H         LINE#         1251
  C:100FH         LINE#         1252
  C:100FH         LINE#         1253
  C:100FH         LINE#         1254
  C:102EH         LINE#         1255
  C:102EH         LINE#         1256
  C:1043H         LINE#         1257
  C:1043H         LINE#         1258
  C:1046H         LINE#         1259
  C:1046H         LINE#         1260
  C:1065H         LINE#         1261
  C:1065H         LINE#         1262
  C:1083H         LINE#         1264
  C:10A2H         LINE#         1265
  C:10A2H         LINE#         1266
  C:10A2H         LINE#         1267
  C:10A2H         LINE#         1268
  C:10A2H         LINE#         1269
  C:10A5H         LINE#         1270
  C:10A5H         LINE#         1271
  C:10C4H         LINE#         1272
  C:10C4H         LINE#         1273
  C:10E2H         LINE#         1275
  C:1101H         LINE#         1276
  C:1101H         LINE#         1277
  C:1101H         LINE#         1278
  C:1101H         LINE#         1279
  C:1101H         LINE#         1280
  C:1104H         LINE#         1281
  C:1104H         LINE#         1282
  C:1123H         LINE#         1283
  C:1123H         LINE#         1284
  C:1141H         LINE#         1286
  C:1160H         LINE#         1287
  C:1160H         LINE#         1288
  C:1160H         LINE#         1289
  C:1160H         LINE#         1290
BL51 BANKED LINKER/LOCATER V6.22                                                      03/20/2019  11:22:08  PAGE 33


  C:1160H         LINE#         1291
  C:1163H         LINE#         1292
  C:1163H         LINE#         1293
  C:1163H         LINE#         1294
  C:1163H         LINE#         1295
  C:116BH         LINE#         1296
  C:116BH         LINE#         1297
  C:1178H         LINE#         1298
  C:1178H         LINE#         1299
  C:1178H         LINE#         1300
  C:118AH         LINE#         1301
  C:118AH         LINE#         1302
  C:1192H         LINE#         1303
  C:1192H         LINE#         1304
  C:1195H         LINE#         1305
  C:1195H         LINE#         1306
  C:11A7H         LINE#         1307
  C:11A7H         LINE#         1308
  C:11B3H         LINE#         1310
  C:11C3H         LINE#         1311
  C:11C3H         LINE#         1312
  C:11C8H         LINE#         1313
  C:11C8H         LINE#         1314
  C:11C8H         LINE#         1315
  C:11CBH         LINE#         1317
  C:11CBH         LINE#         1318
  C:11CBH         LINE#         1319
  C:11CBH         LINE#         1321
  C:11CBH         LINE#         1322
  C:11D8H         LINE#         1323
  C:11D8H         LINE#         1324
  C:11D8H         LINE#         1325
  C:11EAH         LINE#         1326
  C:11EAH         LINE#         1327
  C:11F2H         LINE#         1328
  C:11F2H         LINE#         1329
  C:11F5H         LINE#         1330
  C:11F5H         LINE#         1331
  C:1207H         LINE#         1332
  C:1207H         LINE#         1333
  C:1213H         LINE#         1335
  C:1223H         LINE#         1336
  C:1223H         LINE#         1337
  C:1223H         LINE#         1338
  C:1223H         LINE#         1339
  C:1223H         LINE#         1340
  C:1226H         LINE#         1342
  C:1226H         LINE#         1343
  C:1226H         LINE#         1344
  C:1226H         LINE#         1347
  C:1226H         LINE#         1348
  C:1231H         LINE#         1349
  C:1231H         LINE#         1350
  C:123CH         LINE#         1351
  C:123CH         LINE#         1352
  C:1256H         LINE#         1353
  C:1256H         LINE#         1354
BL51 BANKED LINKER/LOCATER V6.22                                                      03/20/2019  11:22:08  PAGE 34


  C:1256H         LINE#         1355
  C:1275H         LINE#         1356
  C:1275H         LINE#         1357
  C:128AH         LINE#         1358
  C:128AH         LINE#         1359
  C:128DH         LINE#         1360
  C:128DH         LINE#         1361
  C:12ACH         LINE#         1362
  C:12ACH         LINE#         1363
  C:12CAH         LINE#         1365
  C:12E9H         LINE#         1366
  C:12E9H         LINE#         1367
  C:12E9H         LINE#         1368
  C:12E9H         LINE#         1369
  C:12E9H         LINE#         1370
  C:12ECH         LINE#         1371
  C:12ECH         LINE#         1372
  C:130BH         LINE#         1373
  C:130BH         LINE#         1374
  C:1329H         LINE#         1376
  C:1348H         LINE#         1377
  C:1348H         LINE#         1378
  C:1348H         LINE#         1379
  C:1348H         LINE#         1380
  C:1348H         LINE#         1381
  C:134BH         LINE#         1382
  C:134BH         LINE#         1383
  C:136AH         LINE#         1384
  C:136AH         LINE#         1385
  C:1388H         LINE#         1387
  C:13A7H         LINE#         1388
  C:13A7H         LINE#         1389
  C:13A7H         LINE#         1390
  C:13A7H         LINE#         1391
  C:13A7H         LINE#         1392
  C:13AAH         LINE#         1393
  C:13AAH         LINE#         1394
  C:13AAH         LINE#         1395
  C:13AAH         LINE#         1396
  C:13B2H         LINE#         1397
  C:13B2H         LINE#         1398
  C:13BFH         LINE#         1399
  C:13BFH         LINE#         1400
  C:13BFH         LINE#         1401
  C:13D1H         LINE#         1402
  C:13D1H         LINE#         1403
  C:13D9H         LINE#         1404
  C:13D9H         LINE#         1405
  C:13DCH         LINE#         1406
  C:13DCH         LINE#         1407
  C:13EEH         LINE#         1408
  C:13EEH         LINE#         1409
  C:13FAH         LINE#         1411
  C:140AH         LINE#         1412
  C:140AH         LINE#         1413
  C:140FH         LINE#         1414
  C:140FH         LINE#         1415
BL51 BANKED LINKER/LOCATER V6.22                                                      03/20/2019  11:22:08  PAGE 35


  C:140FH         LINE#         1416
  C:1412H         LINE#         1418
  C:1412H         LINE#         1419
  C:1412H         LINE#         1420
  C:1412H         LINE#         1422
  C:1412H         LINE#         1423
  C:141FH         LINE#         1424
  C:141FH         LINE#         1425
  C:141FH         LINE#         1426
  C:1431H         LINE#         1427
  C:1431H         LINE#         1428
  C:1439H         LINE#         1429
  C:1439H         LINE#         1430
  C:143CH         LINE#         1431
  C:143CH         LINE#         1432
  C:144EH         LINE#         1433
  C:144EH         LINE#         1434
  C:145AH         LINE#         1436
  C:146AH         LINE#         1437
  C:146AH         LINE#         1438
  C:146AH         LINE#         1439
  C:146AH         LINE#         1440
[...]
  C:549CH         LINE#         267
  C:54B0H         LINE#         269
  C:54C4H         LINE#         270
  C:54D8H         LINE#         272
  C:54ECH         LINE#         273
  C:5500H         LINE#         275
  C:5514H         LINE#         276
  C:5528H         LINE#         278
  C:553CH         LINE#         279
  C:5550H         LINE#         281
  C:5564H         LINE#         282
  C:5578H         LINE#         284
  C:558CH         LINE#         285
  C:55A0H         LINE#         287
  C:55B4H         LINE#         288
  C:55C8H         LINE#         290
  C:55DCH         LINE#         291
  C:55F0H         LINE#         293
  C:5604H         LINE#         294
  C:5618H         LINE#         296
  C:562CH         LINE#         297
  C:5640H         LINE#         299
  C:5640H         LINE#         300
  C:5640H         LINE#         301
  C:5640H         LINE#         302
  C:5643H         LINE#         304
  C:5643H         LINE#         305
  C:564EH         LINE#         306
  C:564EH         LINE#         307
  C:5663H         LINE#         309
  C:5676H         LINE#         310
  C:5676H         LINE#         311
  C:568AH         LINE#         313
  C:569EH         LINE#         315
  C:56ABH         LINE#         317
  C:56B8H         LINE#         319
  C:56C5H         LINE#         321
  C:56D2H         LINE#         323
  C:56DFH         LINE#         325
  C:56ECH         LINE#         327
  C:56F9H         LINE#         329
  C:5706H         LINE#         331
  C:5713H         LINE#         333
  C:5720H         LINE#         335
  C:572DH         LINE#         337
  C:573AH         LINE#         339
  C:573DH         LINE#         340
  C:573DH         LINE#         341
  C:573DH         LINE#         342
BL51 BANKED LINKER/LOCATER V6.22                                                      03/20/2019  11:22:08  PAGE 75


  C:5740H         LINE#         344
  C:5740H         LINE#         345
  C:574BH         LINE#         346
  C:574BH         LINE#         347
  C:5760H         LINE#         349
  C:5770H         LINE#         350
  C:5770H         LINE#         351
  C:5779H         LINE#         353
  C:577EH         LINE#         354
  C:577EH         LINE#         355
  C:5782H         LINE#         357
  C:5782H         LINE#         359
  C:5782H         LINE#         360
  C:5782H         LINE#         361
  C:5784H         LINE#         363
  C:5784H         LINE#         364
  C:5788H         LINE#         366
  C:5788H         LINE#         368
  C:5788H         LINE#         369
  C:5788H         LINE#         370
  C:5788H         LINE#         371
  C:578AH         LINE#         373
  C:578AH         LINE#         374
  C:5797H         LINE#         376
  C:579EH         LINE#         378
  C:57A1H         LINE#         379
  C:57A4H         LINE#         380
  C:57A4H         LINE#         381
  C:57A4H         LINE#         382
  C:57A7H         LINE#         383
  C:57A7H         LINE#         384
  C:57B2H         LINE#         385
  C:57B2H         LINE#         386
  C:57C7H         LINE#         388
  C:57D7H         LINE#         389
  C:57D7H         LINE#         390
  C:57DFH         LINE#         392
  C:57E3H         LINE#         393
  C:57E3H         LINE#         394
  C:57E6H         LINE#         396
  C:57F3H         LINE#         398
  C:57F9H         LINE#         400
  C:57F9H         LINE#         402
  C:57F9H         LINE#         403
  C:57F9H         LINE#         404
  C:57FCH         LINE#         406
  C:57FCH         LINE#         407
  C:57FFH         LINE#         409
  C:5805H         LINE#         411
  C:5805H         LINE#         413
  C:5805H         LINE#         414
  C:5805H         LINE#         415
  C:5805H         LINE#         416
  C:5808H         LINE#         418
  C:5808H         LINE#         419
  C:5808H         LINE#         421
  C:5808H         LINE#         423
BL51 BANKED LINKER/LOCATER V6.22                                                      03/20/2019  11:22:08  PAGE 76


  C:5808H         LINE#         425
  C:5808H         LINE#         426
  C:5808H         LINE#         427
  C:5808H         LINE#         428
  C:5808H         LINE#         429
  C:580BH         LINE#         430
  C:580BH         LINE#         431
  C:5816H         LINE#         432
  C:5816H         LINE#         433
  C:582BH         LINE#         435
  C:583BH         LINE#         436
  C:583BH         LINE#         437
  C:5843H         LINE#         439
  C:5847H         LINE#         440
  C:5847H         LINE#         441
  C:584AH         LINE#         443
  C:5857H         LINE#         445
  C:585DH         LINE#         447
  C:585DH         LINE#         449
  C:585DH         LINE#         450
  C:585DH         LINE#         451
  C:585FH         LINE#         453
  C:585FH         LINE#         454
  C:5862H         LINE#         456
  C:5868H         LINE#         458
  C:5868H         LINE#         460
  C:5868H         LINE#         461
  C:5868H         LINE#         462
  C:5868H         LINE#         463
  C:586AH         LINE#         465
  C:586AH         LINE#         466
  C:586AH         LINE#         468
  C:586AH         LINE#         470
  C:586AH         LINE#         472
  C:586AH         LINE#         473
  C:586AH         LINE#         474
  C:586AH         LINE#         475
  C:586AH         LINE#         476
  C:586CH         LINE#         477
  C:586CH         LINE#         478
  C:5874H         LINE#         479
  C:5874H         LINE#         480
  C:5889H         LINE#         482
  C:5899H         LINE#         483
  C:5899H         LINE#         484
  C:58A1H         LINE#         486
  C:58A5H         LINE#         487
  C:58A5H         LINE#         488
  C:58A8H         LINE#         490
  C:58B5H         LINE#         492
  C:58BBH         LINE#         494
  C:58BBH         LINE#         496
  C:58BBH         LINE#         497
  C:58BBH         LINE#         498
  C:58BDH         LINE#         500
  C:58BDH         LINE#         501
  C:58C0H         LINE#         503
BL51 BANKED LINKER/LOCATER V6.22                                                      03/20/2019  11:22:08  PAGE 77


  C:58C6H         LINE#         505
  C:58C6H         LINE#         507
  C:58C6H         LINE#         508
  C:58C6H         LINE#         509
  C:58C6H         LINE#         510
  C:58C8H         LINE#         512
  C:58C8H         LINE#         513
  C:58CBH         LINE#         515
  C:58D8H         LINE#         517
  C:58DFH         LINE#         519
  C:58E2H         LINE#         520
  C:58E5H         LINE#         521
  C:58E5H         LINE#         522
  C:58E5H         LINE#         523
  C:58E5H         LINE#         524
  C:58E5H         LINE#         525
  C:58E5H         LINE#         526
  C:58E5H         LINE#         528
  -------         ENDPROC       HANDLE_UART2_RX_BUF
  -------         PROC          READ_RUN_DATA
  C:7E6CH         LINE#         532
  C:7E6CH         LINE#         533
  C:7E6CH         LINE#         534
  C:7E72H         LINE#         536
  C:7E78H         LINE#         538
  C:7E7CH         LINE#         540
  C:7E8FH         LINE#         542
  C:7E9CH         LINE#         544
  C:7E9FH         LINE#         546
  C:7EA3H         LINE#         548
  -------         ENDPROC       READ_RUN_DATA
  -------         PROC          READ_SYS_PARAMETER
  C:7EB0H         LINE#         553
  C:7EB0H         LINE#         554
  C:7EB0H         LINE#         555
  C:7EB6H         LINE#         557
  C:7EBCH         LINE#         559
  C:7EC0H         LINE#         561
  C:7ED3H         LINE#         563
  C:7EE0H         LINE#         565
  C:7EE3H         LINE#         567
  C:7EE7H         LINE#         569
  -------         ENDPROC       READ_SYS_PARAMETER
  -------         PROC          SAVE_SYS_PARAMETER
  C:6FC5H         LINE#         573
  C:6FC5H         LINE#         574
  C:6FC5H         LINE#         576
  C:6FCCH         LINE#         578
  C:6FD5H         LINE#         580
  C:6FF9H         LINE#         582
  C:7013H         LINE#         585
  C:7037H         LINE#         587
  C:7051H         LINE#         590
  C:705EH         LINE#         592
  C:706BH         LINE#         594
  C:7078H         LINE#         596
  C:7085H         LINE#         598
BL51 BANKED LINKER/LOCATER V6.22                                                      03/20/2019  11:22:08  PAGE 78


  C:7092H         LINE#         600
  C:709FH         LINE#         602
  C:70ACH         LINE#         604
  C:70B9H         LINE#         606
  C:70C6H         LINE#         608
  C:70D3H         LINE#         610
  C:70E0H         LINE#         612
  C:70EDH         LINE#         615
  C:70F3H         LINE#         617
  C:70F9H         LINE#         619
  C:70FDH         LINE#         621
  C:711DH         LINE#         623
  C:7133H         LINE#         625
  C:7153H         LINE#         627
  C:7169H         LINE#         629
  C:7172H         LINE#         631
  C:717BH         LINE#         633
  C:7184H         LINE#         635
  C:718DH         LINE#         637
  C:7196H         LINE#         639
  C:719FH         LINE#         641
  C:71A8H         LINE#         643
  C:71B1H         LINE#         645
  C:71BAH         LINE#         647
  C:71C3H         LINE#         649
  C:71CCH         LINE#         651
  C:71D5H         LINE#         654
  C:71E8H         LINE#         656
  C:71F5H         LINE#         658
  C:71F8H         LINE#         660
  C:71FCH         LINE#         662
  -------         ENDPROC       SAVE_SYS_PARAMETER
  -------         ENDMOD        UART

  -------         MODULE        IO
  C:0000H         SYMBOL        _ICE_DUMMY_
  D:0092H         PUBLIC        P1M0
  D:0093H         PUBLIC        P0M1
  D:0096H         PUBLIC        P2M0
  D:0091H         PUBLIC        P1M1
  D:0080H         PUBLIC        P0
  D:00B2H         PUBLIC        P3M0
  D:0095H         PUBLIC        P2M1
  D:0090H         PUBLIC        P1
  D:00B4H         PUBLIC        P4M0
  D:00B1H         PUBLIC        P3M1
  D:00A0H         PUBLIC        P2
  D:00CAH         PUBLIC        P5M0
  D:00B3H         PUBLIC        P4M1
  D:00B0H         PUBLIC        P3
  D:00CCH         PUBLIC        P6M0
  D:00C9H         PUBLIC        P5M1
  D:00C0H         PUBLIC        P4
  D:00E2H         PUBLIC        P7M0
  D:00CBH         PUBLIC        P6M1
  D:00C8H         PUBLIC        P5
  D:00E1H         PUBLIC        P7M1
BL51 BANKED LINKER/LOCATER V6.22                                                      03/20/2019  11:22:08  PAGE 79


  D:00E8H         PUBLIC        P6
  D:00F8H         PUBLIC        P7
  D:00A8H         PUBLIC        IE
  C:6CE0H         PUBLIC        _set_io_mode
  D:00B8H         PUBLIC        IP
  D:00D8H         PUBLIC        CCON
  D:0098H         PUBLIC        SCON
  D:0088H         PUBLIC        TCON
  B:00B0H.5       PUBLIC        P35
  C:000EH         PUBLIC        init_port
  D:00D0H         PUBLIC        PSW
  D:0094H         PUBLIC        P0M0
  -------         PROC          INIT_PORT
  C:000EH         LINE#         29
  C:000EH         LINE#         30
  C:000EH         LINE#         31
  C:0011H         LINE#         32
  C:0014H         LINE#         34
  C:0016H         LINE#         35
  C:0019H         LINE#         37
  C:001BH         LINE#         38
  C:001EH         LINE#         40
  C:0020H         LINE#         41
  C:0023H         LINE#         43
  C:0025H         LINE#         44
  C:0028H         LINE#         46
  C:002AH         LINE#         47
  C:002DH         LINE#         49
  C:002FH         LINE#         50
  C:0032H         LINE#         52
  C:0034H         LINE#         53
  C:0037H         LINE#         55
  C:003FH         LINE#         56
  C:0041H         LINE#         57
  -------         ENDPROC       INIT_PORT
  -------         PROC          _SET_IO_MODE
  D:0007H         SYMBOL        port
  D:0005H         SYMBOL        bit_n
  D:0003H         SYMBOL        mode
  C:6CE0H         LINE#         65
  C:6CE0H         LINE#         66
  C:6CE0H         LINE#         67
  C:6D08H         LINE#         68
  C:6D08H         LINE#         69
  C:6D08H         LINE#         70
  C:6D19H         LINE#         71
  C:6D19H         LINE#         72
  C:6D2AH         LINE#         74
  C:6D3DH         LINE#         76
  C:6D4EH         LINE#         78
  C:6D60H         LINE#         80
  C:6D60H         LINE#         81
  C:6D60H         LINE#         82
  C:6D60H         LINE#         83
  C:6D60H         LINE#         84
  C:6D71H         LINE#         85
  C:6D71H         LINE#         86
BL51 BANKED LINKER/LOCATER V6.22                                                      03/20/2019  11:22:08  PAGE 80


  C:6D82H         LINE#         88
  C:6D95H         LINE#         90
  C:6DA6H         LINE#         92
  C:6DB8H         LINE#         94
  C:6DB8H         LINE#         95
  C:6DB8H         LINE#         96
  C:6DB8H         LINE#         97
  C:6DB8H         LINE#         98
  C:6DC9H         LINE#         99
  C:6DC9H         LINE#         100
  C:6DDAH         LINE#         102
  C:6DEDH         LINE#         104
  C:6DFEH         LINE#         106
  C:6E10H         LINE#         108
  C:6E10H         LINE#         109
  C:6E10H         LINE#         110
  C:6E10H         LINE#         111
  C:6E10H         LINE#         112
  C:6E21H         LINE#         113
  C:6E21H         LINE#         114
  C:6E32H         LINE#         116
  C:6E45H         LINE#         118
  C:6E56H         LINE#         120
  C:6E68H         LINE#         122
  C:6E68H         LINE#         123
  C:6E68H         LINE#         124
  C:6E68H         LINE#         125
  C:6E68H         LINE#         126
  C:6E79H         LINE#         127
  C:6E79H         LINE#         128
  C:6E8AH         LINE#         130
  C:6E9DH         LINE#         132
  C:6EAEH         LINE#         134
  C:6EC0H         LINE#         136
  C:6EC0H         LINE#         137
  C:6EC0H         LINE#         138
  C:6EC0H         LINE#         139
  C:6EC0H         LINE#         140
  C:6ED1H         LINE#         141
  C:6ED1H         LINE#         142
  C:6EE2H         LINE#         144
  C:6EF5H         LINE#         146
  C:6F06H         LINE#         148
  C:6F18H         LINE#         150
  C:6F18H         LINE#         151
  C:6F18H         LINE#         152
  C:6F18H         LINE#         153
  C:6F18H         LINE#         154
  C:6F29H         LINE#         155
  C:6F29H         LINE#         156
  C:6F3AH         LINE#         158
  C:6F4DH         LINE#         160
  C:6F5EH         LINE#         162
  C:6F70H         LINE#         164
  C:6F70H         LINE#         165
  C:6F70H         LINE#         166
  C:6F70H         LINE#         167
BL51 BANKED LINKER/LOCATER V6.22                                                      03/20/2019  11:22:08  PAGE 81


  C:6F70H         LINE#         168
  C:6F7EH         LINE#         169
  C:6F7EH         LINE#         170
  C:6F8FH         LINE#         172
  C:6FA2H         LINE#         174
  C:6FB3H         LINE#         176
  C:6FC4H         LINE#         178
  C:6FC4H         LINE#         179
  C:6FC4H         LINE#         180
  C:6FC4H         LINE#         182
  C:6FC4H         LINE#         183
  C:6FC4H         LINE#         186
  -------         ENDPROC       _SET_IO_MODE
  -------         ENDMOD        IO

  -------         MODULE        ?C?FPADD
  C:4BF8H         PUBLIC        ?C?FPADD
  C:4BF4H         PUBLIC        ?C?FPSUB
  -------         ENDMOD        ?C?FPADD

  -------         MODULE        ?C?FPDIV
  C:4CECH         PUBLIC        ?C?FPDIV
  -------         ENDMOD        ?C?FPDIV

  -------         MODULE        ?C?FPCMP
  C:4D8BH         PUBLIC        ?C?FPCMP
  C:4D89H         PUBLIC        ?C?FPCMP3
  -------         ENDMOD        ?C?FPCMP

  -------         MODULE        ?C?FCAST
  C:4E00H         PUBLIC        ?C?FCASTC
  C:4DFBH         PUBLIC        ?C?FCASTI
  C:4DF6H         PUBLIC        ?C?FCASTL
  -------         ENDMOD        ?C?FCAST

  -------         MODULE        ?C?CASTF
  C:4E34H         PUBLIC        ?C?CASTF
  -------         ENDMOD        ?C?CASTF

  -------         MODULE        PRINTF
  X:13F6H         PUBLIC        ?_PRINTF?BYTE
  X:13F6H         PUBLIC        ?_SPRINTF?BYTE
  C:647BH         PUBLIC        _PRINTF
  C:6475H         PUBLIC        _SPRINTF
  -------         ENDMOD        PRINTF

  -------         MODULE        ?C?FPROUND
  C:4EB5H         PUBLIC        ?C?FPROUND
  -------         ENDMOD        ?C?FPROUND

  -------         MODULE        ?C?FPCONVERT
  C:4EF2H         PUBLIC        ?C?FPCONVERT
  -------         ENDMOD        ?C?FPCONVERT

  -------         MODULE        ?C?FPMUL
  C:4FF7H         PUBLIC        ?C?FPMUL
  -------         ENDMOD        ?C?FPMUL
BL51 BANKED LINKER/LOCATER V6.22                                                      03/20/2019  11:22:08  PAGE 82



  -------         MODULE        ?C?FTNPWR
  C:512DH         PUBLIC        ?C?FTNPWR
  -------         ENDMOD        ?C?FTNPWR

  -------         MODULE        ?C?CLDPTR
  C:516DH         PUBLIC        ?C?CLDPTR
  -------         ENDMOD        ?C?CLDPTR

  -------         MODULE        ?C?CLDOPTR
  C:5186H         PUBLIC        ?C?CLDOPTR
  -------         ENDMOD        ?C?CLDOPTR

  -------         MODULE        ?C?CSTPTR
  C:51B3H         PUBLIC        ?C?CSTPTR
  -------         ENDMOD        ?C?CSTPTR

  -------         MODULE        ?C?IILDX
  C:51C5H         PUBLIC        ?C?IILDX
  -------         ENDMOD        ?C?IILDX

  -------         MODULE        ?C?ILDIX
  C:51DBH         PUBLIC        ?C?ILDIX
  -------         ENDMOD        ?C?ILDIX

  -------         MODULE        ?C?LNEG
  C:51F1H         PUBLIC        ?C?LNEG
  -------         ENDMOD        ?C?LNEG

  -------         MODULE        ?C?LSTXDATA
  C:51FFH         PUBLIC        ?C?LSTXDATA
  -------         ENDMOD        ?C?LSTXDATA

  -------         MODULE        ?C?PLDIXDATA
  C:520BH         PUBLIC        ?C?PLDIXDATA
  -------         ENDMOD        ?C?PLDIXDATA

  -------         MODULE        ?C?PSTXDATA
  C:5222H         PUBLIC        ?C?PSTXDATA
  -------         ENDMOD        ?C?PSTXDATA

  -------         MODULE        ?C?CCASE
  C:522BH         PUBLIC        ?C?CCASE
  -------         ENDMOD        ?C?CCASE

  -------         MODULE        ?C?ICASE
  C:5251H         PUBLIC        ?C?ICASE
  -------         ENDMOD        ?C?ICASE

  -------         MODULE        PUTCHAR
  C:8041H         PUBLIC        _PUTCHAR
  -------         ENDMOD        PUTCHAR

  -------         MODULE        ?C?MEMSET
  C:527EH         PUBLIC        ?C?MEMSET
  -------         ENDMOD        ?C?MEMSET

BL51 BANKED LINKER/LOCATER V6.22                                                      03/20/2019  11:22:08  PAGE 83


*** WARNING L16: UNCALLED SEGMENT, IGNORED FOR OVERLAY PROCESS
    SEGMENT: ?PR?DELAY_1US?DELAY

*** WARNING L16: UNCALLED SEGMENT, IGNORED FOR OVERLAY PROCESS
    SEGMENT: ?PR?_FULL_DISPLAY?LCD12864

*** WARNING L16: UNCALLED SEGMENT, IGNORED FOR OVERLAY PROCESS
    SEGMENT: ?PR?_DISPLAY_GRAPHIC_32X32?LCD12864

*** WARNING L16: UNCALLED SEGMENT, IGNORED FOR OVERLAY PROCESS
    SEGMENT: ?PR?_DISPLAY_GRAPHIC_8X8?LCD12864

*** WARNING L16: UNCALLED SEGMENT, IGNORED FOR OVERLAY PROCESS
    SEGMENT: ?PR?_DISPLAY_STRING_5X7?LCD12864

*** WARNING L16: UNCALLED SEGMENT, IGNORED FOR OVERLAY PROCESS
    SEGMENT: ?PR?_DISP_GRAP?LCD12864

*** WARNING L16: UNCALLED SEGMENT, IGNORED FOR OVERLAY PROCESS
    SEGMENT: ?PR?_DISP_GRAP_XO?LCD12864

*** WARNING L16: UNCALLED SEGMENT, IGNORED FOR OVERLAY PROCESS
    SEGMENT: ?PR?_UART2_READ_NBYTE?UART

*** WARNING L16: UNCALLED SEGMENT, IGNORED FOR OVERLAY PROCESS
    SEGMENT: ?PR?_HANDLE_EVEN_CHECK?UART

Program Size: data=24.5 xdata=5241 code=33245
LINK/LOCATE RUN COMPLETE.  9 WARNING(S),  0 ERROR(S)
